[backblue.gif]
[fade.gif]
[index.html]
[www.zettafarms.com/wp-content/uploads/2023/10/Mask-Group-53.jpg]
[www.zettafarms.com/wp-json/oembed/1.0/embedb9c5.json]
[www.zettafarms.com/comments/feed/index.html]
[www.zettafarms.com/feed/index.html]
[www.zettafarms.com/wp-json/oembed/1.0/embedf8a5]
[www.zettafarms.com/wp-json/wp/v2/pages/2.json]
[www.zettafarms.com/wp-json/index.html]
[www.zettafarms.com/xmlrpc0db0.php]
[www.zettafarms.com/wp-content/uploads/2023/10/Zetta-Farms-favicon3.png]
[www.zettafarms.com/wp-content/uploads/2023/10/Mask-Group-53-736x1024.jpg]
[www.zettafarms.com/wp-content/uploads/2024/01/10082065-1024x683.jpg]
[www.zettafarms.com/wp-content/uploads/2024/01/10082065-300x200.jpg]
[www.zettafarms.com/wp-content/uploads/2024/01/10082065-768x512.jpg]
[www.zettafarms.com/wp-content/uploads/2024/01/10082065-1536x1024.jpg]
[www.zettafarms.com/wp-content/uploads/2024/01/farmer-with-tablet-close-up-1024x683.jpg]
[www.zettafarms.com/wp-content/uploads/2024/01/farmer-with-tablet-close-up-300x200.jpg]
[www.zettafarms.com/wp-content/uploads/2024/01/farmer-with-tablet-close-up-768x512.jpg]
[www.zettafarms.com/wp-content/uploads/2024/01/farmer-with-tablet-close-up-1536x1024.jpg]
[www.zettafarms.com/wp-content/uploads/2024/01/farmer-with-tablet-close-up-2048x1365.jpg]
[www.zettafarms.com/wp-content/uploads/2024/01/2952-1024x574.jpg]
[www.zettafarms.com/wp-content/uploads/2024/01/2952-300x168.jpg]
[www.zettafarms.com/wp-content/uploads/2024/01/2952-768x430.jpg]
[www.zettafarms.com/wp-content/uploads/2024/01/2952-1536x861.jpg]
[www.zettafarms.com/wp-content/uploads/2024/01/2952.jpg]
[www.zettafarms.com/wp-content/uploads/2024/01/blog-7-1024x576.jpg]
[www.zettafarms.com/wp-content/uploads/2024/01/blog-7-300x169.jpg]
[www.zettafarms.com/wp-content/uploads/2024/01/blog-7-768x432.jpg]
[www.zettafarms.com/wp-content/uploads/2024/01/blog-7.jpg]
[www.zettafarms.com/wp-content/uploads/2024/01/blog-6-1024x576.jpg]
[www.zettafarms.com/wp-content/uploads/2024/01/blog-6-300x169.jpg]
[www.zettafarms.com/wp-content/uploads/2024/01/blog-6-768x432.jpg]
[www.zettafarms.com/wp-content/uploads/2024/01/blog-6.jpg]
[www.zettafarms.com/wp-content/uploads/2024/01/blog-2-1024x576.jpg]
[www.zettafarms.com/wp-content/uploads/2024/01/blog-2-300x169.jpg]
[www.zettafarms.com/wp-content/uploads/2024/01/blog-2-768x432.jpg]
[www.zettafarms.com/wp-content/uploads/2024/01/blog-2.jpg]
[www.zettafarms.com/wp-content/uploads/2024/01/blog-3-1024x576.jpg]
[www.zettafarms.com/wp-content/uploads/2024/01/blog-3-300x169.jpg]
[www.zettafarms.com/wp-content/uploads/2024/01/blog-3-768x432.jpg]
[www.zettafarms.com/wp-content/uploads/2024/01/blog-3.jpg]
[www.zettafarms.com/wp-content/uploads/2024/01/blog-1-1024x576.jpg]
[www.zettafarms.com/wp-content/uploads/2024/01/blog-1-300x169.jpg]
[www.zettafarms.com/wp-content/uploads/2024/01/blog-1-768x432.jpg]
[www.zettafarms.com/wp-content/uploads/2024/01/blog-1.jpg]
[www.zettafarms.com/wp-content/uploads/2024/01/blog-75-1024x576.jpg]
[www.zettafarms.com/wp-content/uploads/2024/01/blog-75-300x169.jpg]
[www.zettafarms.com/wp-content/uploads/2024/01/blog-75-768x432.jpg]
[www.zettafarms.com/wp-content/uploads/2024/01/blog-75.jpg]
[www.zettafarms.com/wp-content/uploads/2023/11/Amla-1024x576.webp]
[www.zettafarms.com/wp-content/uploads/2023/11/Amla-300x169.webp]
[www.zettafarms.com/wp-content/uploads/2023/11/Amla-768x432.webp]
[www.zettafarms.com/wp-content/uploads/2023/11/Amla.webp]
[www.zettafarms.com/wp-content/uploads/2023/11/Aditya-Patra.jpeg]
[www.zettafarms.com/wp-content/uploads/2023/11/Nagarjuna-K.jpeg]
[www.zettafarms.com/wp-content/uploads/2023/11/Vipul-Rawal.jpeg]
[www.zettafarms.com/wp-content/uploads/2023/11/1516962186794.jpeg]
[www.zettafarms.com/wp-content/uploads/2023/11/1658155543892.jpeg]
[www.zettafarms.com/wp-content/uploads/2023/11/1517736705346.jpeg]
[www.zettafarms.com/index.html]
[www.googletagmanager.com/index.html]
[www.zettafarms.com/wp-content/plugins/elementor/assets/css/frontend.mine4fa.css]
[www.zettafarms.com/wp-content/uploads/elementor/css/post-167c68.css]
[www.zettafarms.com/wp-content/uploads/2023/10/footerbg.png]
[www.zettafarms.com/wp-content/uploads/elementor/css/post-1437c68.css]
[www.zettafarms.com/wp-content/uploads/2023/10/New-Project.png]
[www.zettafarms.com/wp-content/plugins/creative-post-carousel/assets/public/webfonts/fa-brands-400.eot]
[www.zettafarms.com/wp-content/plugins/creative-post-carousel/assets/public/webfonts/fa-brands-400d41d.eot]
[www.zettafarms.com/wp-content/plugins/creative-post-carousel/assets/public/webfonts/fa-brands-400.woff2]
[www.zettafarms.com/wp-content/plugins/creative-post-carousel/assets/public/webfonts/fa-brands-400.woff]
[www.zettafarms.com/wp-content/plugins/creative-post-carousel/assets/public/webfonts/fa-brands-400.ttf]
[www.zettafarms.com/wp-content/plugins/creative-post-carousel/assets/public/webfonts/fa-regular-400.eot]
[www.zettafarms.com/wp-content/plugins/creative-post-carousel/assets/public/webfonts/fa-regular-400d41d.eot]
[www.zettafarms.com/wp-content/plugins/creative-post-carousel/assets/public/webfonts/fa-regular-400.woff2]
[www.zettafarms.com/wp-content/plugins/creative-post-carousel/assets/public/webfonts/fa-regular-400.woff]
[www.zettafarms.com/wp-content/plugins/creative-post-carousel/assets/public/webfonts/fa-regular-400.ttf]
[www.zettafarms.com/wp-content/plugins/creative-post-carousel/assets/public/webfonts/fa-solid-900.eot]
[www.zettafarms.com/wp-content/plugins/creative-post-carousel/assets/public/webfonts/fa-solid-900d41d.eot]
[www.zettafarms.com/wp-content/plugins/creative-post-carousel/assets/public/webfonts/fa-solid-900.woff2]
[www.zettafarms.com/wp-content/plugins/creative-post-carousel/assets/public/webfonts/fa-solid-900.woff]
[www.zettafarms.com/wp-content/plugins/creative-post-carousel/assets/public/webfonts/fa-solid-900.ttf]
[www.zettafarms.com/wp-content/plugins/creative-post-carousel/assets/public/css/all.min4e44.css]
[www.zettafarms.com/wp-content/plugins/creative-post-carousel/assets/public/css/owl.carousel.min4e44.css]
[www.zettafarms.com/wp-content/plugins/creative-post-carousel/assets/public/css/owl.theme.default.min4e44.css]
[www.zettafarms.com/wp-content/plugins/creative-post-carousel/assets/public/css/main4e44.css]
[www.zettafarms.com/wp-content/plugins/creative-post-carousel/assets/public/css/responsive4e44.css]
[www.zettafarms.com/wp-content/themes/hello-elementor/style.min5b0a.css]
[www.zettafarms.com/wp-content/themes/hello-elementor/theme.min5b0a.css]
[www.zettafarms.com/wp-content/uploads/elementor/css/post-57c68.css]
[www.zettafarms.com/wp-content/plugins/ultimate-bootstrap-elements-for-elementor/assets/vendors/bootstrap/css/bootstrap.min89df.css]
[www.zettafarms.com/wp-content/plugins/ultimate-bootstrap-elements-for-elementor/assets/vendors/font-awesome/css/all.min31dc.html]
[www.zettafarms.com/wp-content/plugins/ultimate-bootstrap-elements-for-elementor/assets/css/frontend.min91ce.css]
[www.zettafarms.com/wp-content/plugins/essential-addons-for-elementor-lite/assets/front-end/css/view/general.minbb5b.css]
[www.zettafarms.com/wp-content/uploads/essential-addons-elementor/eael-2b643.css]
[www.zettafarms.com/wp-content/plugins/ultimate-bootstrap-elements-for-elementor/assets/css/responsive-frontend.min91ce.css]
[www.zettafarms.com/wp-content/plugins/elementor/assets/css/widget-heading.mine4fa.css]
[www.zettafarms.com/wp-content/plugins/elementor/assets/lib/animations/styles/fadeIn.mine4fa.css]
[www.zettafarms.com/wp-content/plugins/elementor/assets/lib/swiper/v8/css/swiper.min94a4.css]
[www.zettafarms.com/wp-content/plugins/elementor/assets/css/widget-image.mine4fa.css]
[www.zettafarms.com/wp-content/plugins/elementor/assets/lib/animations/styles/fadeInRight.mine4fa.css]
[www.zettafarms.com/wp-content/plugins/elementor/assets/css/widget-spacer.mine4fa.css]
[www.zettafarms.com/wp-content/plugins/elementor/assets/lib/animations/styles/fadeInLeft.mine4fa.css]
[www.zettafarms.com/wp-content/plugins/testimonials-carousel-elementor/assets/css/fonts/icomoon5163.eot]
[www.zettafarms.com/wp-content/plugins/testimonials-carousel-elementor/assets/css/fonts/icomoon5163.ttf]
[www.zettafarms.com/wp-content/plugins/testimonials-carousel-elementor/assets/css/fonts/icomoon5163.woff]
[www.zettafarms.com/wp-content/plugins/testimonials-carousel-elementor/assets/css/testimonials-carousel.min0dc0.css]
[www.zettafarms.com/wp-content/uploads/2023/10/banner-1.webp]
[www.zettafarms.com/wp-content/uploads/2024/01/nagaland-farms.jpg]
[www.zettafarms.com/wp-content/uploads/2023/11/GurgaonFarms.jpg]
[www.zettafarms.com/wp-content/uploads/2023/11/Chandana-Tea-Estate.jpg]
[www.zettafarms.com/wp-content/uploads/2023/11/Chikmagalur-coffee-Estate.jpg]
[www.zettafarms.com/wp-content/uploads/2023/11/baag-bundi.webp]
[www.zettafarms.com/wp-content/uploads/2023/11/Barmer-Farm.webp]
[www.zettafarms.com/wp-content/uploads/2023/11/Itava-Kota-Guava-Orchard.webp]
[www.zettafarms.com/wp-content/uploads/2023/11/Jhajjar-Shrimp-Farm.webp]
[www.zettafarms.com/wp-content/uploads/2023/11/Jaipur.webp]
[www.zettafarms.com/wp-content/uploads/2023/11/sultanpur.webp]
[www.zettafarms.com/wp-content/uploads/2023/11/Odisha-Puri.webp]
[www.zettafarms.com/wp-content/uploads/2023/11/Paali-Roopawas.webp]
[www.zettafarms.com/wp-content/uploads/2023/11/Zf-Bijoliya-keshuvilas.webp]
[www.zettafarms.com/wp-content/uploads/2023/10/dasd.jpg]
[www.zettafarms.com/wp-content/uploads/elementor/css/post-2a397.css]
[www.zettafarms.com/wp-content/uploads/2023/10/Mask-Group-58.png]
[www.zettafarms.com/wp-content/plugins/elementskit-lite/widgets/init/assets/img/arrow.png]
[www.zettafarms.com/wp-content/plugins/elementskit-lite/widgets/init/assets/img/sort_asc.png]
[www.zettafarms.com/wp-content/plugins/elementskit-lite/widgets/init/assets/img/sort_desc.png]
[www.zettafarms.com/wp-content/plugins/elementskit-lite/widgets/init/assets/img/sort_asc_disabled.png]
[www.zettafarms.com/wp-content/plugins/elementskit-lite/widgets/init/assets/css/widget-styles1aae.css]
[www.zettafarms.com/wp-content/plugins/elementskit-lite/widgets/init/assets/css/responsive1aae.css]
[www.zettafarms.com/wp-content/plugins/bdthemes-prime-slider-lite/assets/css/bdt-uikit4ecf.css]
[www.zettafarms.com/wp-content/plugins/bdthemes-prime-slider-lite/assets/css/prime-slider-site5bf3.css]
[www.zettafarms.com/wp-content/uploads/elementor/google-fonts/fonts/poppins-pxiayp8kv8jhgfvrjjlme0tmmpkzsq.woff2]
[www.zettafarms.com/wp-content/uploads/elementor/google-fonts/fonts/poppins-pxiayp8kv8jhgfvrjjlme0tcmpi.woff2]
[www.zettafarms.com/wp-content/uploads/elementor/google-fonts/fonts/poppins-pxidyp8kv8jhgfvrjjlmv1pvgdeoceg.woff2]
[www.zettafarms.com/wp-content/uploads/elementor/google-fonts/fonts/poppins-pxidyp8kv8jhgfvrjjlmv1pvf9eo.woff2]
[www.zettafarms.com/wp-content/uploads/elementor/google-fonts/fonts/poppins-pxidyp8kv8jhgfvrjjlm21lvgdeoceg.woff2]
[www.zettafarms.com/wp-content/uploads/elementor/google-fonts/fonts/poppins-pxidyp8kv8jhgfvrjjlm21lvf9eo.woff2]
[www.zettafarms.com/wp-content/uploads/elementor/google-fonts/fonts/poppins-pxigyp8kv8jhgfvrjjlufntakpy.woff2]
[www.zettafarms.com/wp-content/uploads/elementor/google-fonts/fonts/poppins-pxigyp8kv8jhgfvrjjluchta.woff2]
[www.zettafarms.com/wp-content/uploads/elementor/google-fonts/fonts/poppins-pxidyp8kv8jhgfvrjjlmg1hvgdeoceg.woff2]
[www.zettafarms.com/wp-content/uploads/elementor/google-fonts/fonts/poppins-pxidyp8kv8jhgfvrjjlmg1hvf9eo.woff2]
[www.zettafarms.com/wp-content/uploads/elementor/google-fonts/fonts/poppins-pxidyp8kv8jhgfvrjjlmr19vgdeoceg.woff2]
[www.zettafarms.com/wp-content/uploads/elementor/google-fonts/fonts/poppins-pxidyp8kv8jhgfvrjjlmr19vf9eo.woff2]
[www.zettafarms.com/wp-content/uploads/elementor/google-fonts/fonts/poppins-pxidyp8kv8jhgfvrjjlmy15vgdeoceg.woff2]
[www.zettafarms.com/wp-content/uploads/elementor/google-fonts/fonts/poppins-pxidyp8kv8jhgfvrjjlmy15vf9eo.woff2]
[www.zettafarms.com/wp-content/uploads/elementor/google-fonts/fonts/poppins-pxidyp8kv8jhgfvrjjlm111vgdeoceg.woff2]
[www.zettafarms.com/wp-content/uploads/elementor/google-fonts/fonts/poppins-pxidyp8kv8jhgfvrjjlm111vf9eo.woff2]
[www.zettafarms.com/wp-content/uploads/elementor/google-fonts/fonts/poppins-pxidyp8kv8jhgfvrjjlm81xvgdeoceg.woff2]
[www.zettafarms.com/wp-content/uploads/elementor/google-fonts/fonts/poppins-pxidyp8kv8jhgfvrjjlm81xvf9eo.woff2]
[www.zettafarms.com/wp-content/uploads/elementor/google-fonts/fonts/poppins-pxigyp8kv8jhgfvrlptufntakpy.woff2]
[www.zettafarms.com/wp-content/uploads/elementor/google-fonts/fonts/poppins-pxigyp8kv8jhgfvrlptuchta.woff2]
[www.zettafarms.com/wp-content/uploads/elementor/google-fonts/fonts/poppins-pxibyp8kv8jhgfvrlfj_z1jlfc-k.woff2]
[www.zettafarms.com/wp-content/uploads/elementor/google-fonts/fonts/poppins-pxibyp8kv8jhgfvrlfj_z1xlfq.woff2]
[www.zettafarms.com/wp-content/uploads/elementor/google-fonts/fonts/poppins-pxibyp8kv8jhgfvrldz8z1jlfc-k.woff2]
[www.zettafarms.com/wp-content/uploads/elementor/google-fonts/fonts/poppins-pxibyp8kv8jhgfvrldz8z1xlfq.woff2]
[www.zettafarms.com/wp-content/uploads/elementor/google-fonts/fonts/poppins-pxieyp8kv8jhgfvrjjnecmne.woff2]
[www.zettafarms.com/wp-content/uploads/elementor/google-fonts/fonts/poppins-pxieyp8kv8jhgfvrjjfecg.woff2]
[www.zettafarms.com/wp-content/uploads/elementor/google-fonts/fonts/poppins-pxibyp8kv8jhgfvrlgt9z1jlfc-k.woff2]
[www.zettafarms.com/wp-content/uploads/elementor/google-fonts/fonts/poppins-pxibyp8kv8jhgfvrlgt9z1xlfq.woff2]
[www.zettafarms.com/wp-content/uploads/elementor/google-fonts/fonts/poppins-pxibyp8kv8jhgfvrlej6z1jlfc-k.woff2]
[www.zettafarms.com/wp-content/uploads/elementor/google-fonts/fonts/poppins-pxibyp8kv8jhgfvrlej6z1xlfq.woff2]
[www.zettafarms.com/wp-content/uploads/elementor/google-fonts/fonts/poppins-pxibyp8kv8jhgfvrlcz7z1jlfc-k.woff2]
[www.zettafarms.com/wp-content/uploads/elementor/google-fonts/fonts/poppins-pxibyp8kv8jhgfvrlcz7z1xlfq.woff2]
[www.zettafarms.com/wp-content/uploads/elementor/google-fonts/fonts/poppins-pxibyp8kv8jhgfvrldd4z1jlfc-k.woff2]
[www.zettafarms.com/wp-content/uploads/elementor/google-fonts/fonts/poppins-pxibyp8kv8jhgfvrldd4z1xlfq.woff2]
[www.zettafarms.com/wp-content/uploads/elementor/google-fonts/fonts/poppins-pxibyp8kv8jhgfvrlbt5z1jlfc-k.woff2]
[www.zettafarms.com/wp-content/uploads/elementor/google-fonts/fonts/poppins-pxibyp8kv8jhgfvrlbt5z1xlfq.woff2]
[www.zettafarms.com/wp-content/uploads/elementor/google-fonts/css/poppinseb1e.css]
[www.zettafarms.com/wp-content/plugins/elementskit-lite/modules/elementskit-icon-pack/assets/css/ekiticons1aae.css]
[www.zettafarms.com/wp-includes/js/jquery/jquery.minf43b.js]
[www.zettafarms.com/wp-includes/js/jquery/jquery-migrate.min5589.js]
[www.zettafarms.com/wp-content/plugins/bdthemes-prime-slider-lite/assets/js/bdt-uikit.min4ecf.js]
[www.zettafarms.com/wp-content/uploads/2023/10/Group-5866.svg]
[www.zettafarms.com/wp-content/plugins/elementskit-lite/modules/elementskit-icon-pack/assets/fonts/elementskit97ac.woff]
[www.zettafarms.com/wp-content/uploads/2023/10/Group-5867.jpg]
[www.zettafarms.com/wp-json/oembed/1.0/embed67eb.json]
[www.zettafarms.com/wp-json/oembed/1.0/embed38b3]
[www.zettafarms.com/wp-content/uploads/2023/10/Group-5867-300x126.jpg]
[www.zettafarms.com/wp-json/wp/v2/pages/611.json]
[www.zettafarms.com/wp-content/uploads/2023/10/Group-5867-1024x431.jpg]
[www.zettafarms.com/wp-content/uploads/2023/10/Group-5867-768x323.jpg]
[www.zettafarms.com/wp-content/uploads/2023/10/Group-5867-1536x646.jpg]
[www.zettafarms.com/wp-content/uploads/2023/10/IMG_20190616_132726.jpg]
[www.zettafarms.com/wp-content/uploads/2023/10/IMG_20190616_132726-300x173.jpg]
[www.zettafarms.com/wp-content/uploads/2023/10/IMG_20190616_132726-768x443.jpg]
[www.zettafarms.com/wp-content/uploads/2023/10/Rectangle-1168.jpg]
[www.zettafarms.com/wp-content/uploads/2023/10/Rectangle-1168-300x64.jpg]
[www.zettafarms.com/wp-content/uploads/2023/10/Rectangle-1168-1024x219.jpg]
[www.zettafarms.com/wp-content/uploads/2023/10/Rectangle-1168-768x164.jpg]
[www.zettafarms.com/wp-content/uploads/2023/10/Rectangle-1168-1300x279.jpg]
[www.zettafarms.com/wp-content/uploads/2024/01/Zettafarms-Team-Rituraj-150x150.jpg]
[www.zettafarms.com/wp-content/uploads/2024/01/Zettafarms-Team-Rituraj-300x300.jpg]
[www.zettafarms.com/about/index.html]
[www.zettafarms.com/wp-content/uploads/2024/01/Zettafarms-Team-Rituraj.jpg]
[www.zettafarms.com/wp-content/uploads/2023/10/Resources.jpg]
[www.zettafarms.com/wp-json/oembed/1.0/embed726a.json]
[www.zettafarms.com/wp-json/oembed/1.0/embedf701]
[www.zettafarms.com/wp-json/wp/v2/pages/596.json]
[www.zettafarms.com/wp-content/uploads/2023/10/Resources-300x126.jpg]
[www.zettafarms.com/wp-content/uploads/2023/10/Resources-1024x431.jpg]
[www.zettafarms.com/wp-content/uploads/2023/10/Resources-768x323.jpg]
[www.zettafarms.com/wp-content/uploads/2023/10/Resources-1536x646.jpg]
[www.zettafarms.com/gallery/index.html]
[www.zettafarms.com/wp-json/oembed/1.0/embed4a84.json]
[www.zettafarms.com/wp-json/oembed/1.0/embed7665]
[www.zettafarms.com/wp-json/wp/v2/pages/590.json]
[www.zettafarms.com/wp-content/uploads/2024/01/10082065-scaled.jpg]
[www.zettafarms.com/resources/index.html]
[www.zettafarms.com/wp-content/uploads/2024/01/farmer-with-tablet-close-up-scaled.jpg]
[www.zettafarms.com/wp-content/uploads/2023/10/faqs.jpg]
[www.zettafarms.com/wp-json/oembed/1.0/embed19f5.json]
[www.zettafarms.com/wp-json/oembed/1.0/embedf43a]
[www.zettafarms.com/wp-json/wp/v2/pages/517.json]
[www.zettafarms.com/wp-content/uploads/2023/10/faqs-300x126.jpg]
[www.zettafarms.com/wp-content/uploads/2023/10/faqs-1024x431.jpg]
[www.zettafarms.com/wp-content/uploads/2023/10/faqs-768x323.jpg]
[www.zettafarms.com/land-deals/index.html]
[www.zettafarms.com/wp-content/uploads/2023/10/faqs-1536x646.jpg]
[www.zettafarms.com/wp-json/oembed/1.0/embedca48.json]
[www.zettafarms.com/wp-json/oembed/1.0/embeda86e]
[www.zettafarms.com/fpo/index.html]
[www.zettafarms.com/wp-json/wp/v2/pages/2291.json]
[www.zettafarms.com/wp-json/oembed/1.0/embedd93c.json]
[www.zettafarms.com/wp-json/oembed/1.0/embed0d5c]
[www.zettafarms.com/extension-enablers/index.html]
[www.zettafarms.com/wp-json/wp/v2/pages/2286.json]
[www.zettafarms.com/wp-content/uploads/2023/10/contactus.jpg]
[www.zettafarms.com/wp-json/oembed/1.0/embedfdfb.json]
[www.zettafarms.com/wp-json/oembed/1.0/embeda38d]
[www.zettafarms.com/wp-json/wp/v2/pages/554.json]
[www.zettafarms.com/wp-content/uploads/2023/10/contactus-300x126.jpg]
[www.zettafarms.com/wp-content/uploads/2023/10/contactus-1024x431.jpg]
[www.zettafarms.com/wp-content/uploads/2023/10/contactus-768x323.jpg]
[www.zettafarms.com/wp-content/uploads/2023/10/contactus-1536x646.jpg]
[www.zettafarms.com/contact-us/index.html]
[www.zettafarms.com/wp-content/uploads/2023/10/banner-15.jpg]
[www.zettafarms.com/wp-json/oembed/1.0/embed04ac.json]
[www.zettafarms.com/wp-json/oembed/1.0/embed7800]
[www.zettafarms.com/wp-json/wp/v2/pages/1339.json]
[www.zettafarms.com/wp-content/uploads/2023/10/banner-15-300x125.jpg]
[www.zettafarms.com/wp-content/uploads/2023/10/banner-15-1024x427.jpg]
[www.zettafarms.com/wp-content/uploads/2023/10/banner-15-768x320.jpg]
[www.zettafarms.com/wp-content/uploads/2023/10/banner-15-1536x640.jpg]
[www.zettafarms.com/wp-content/uploads/2023/10/6-12.jpg]
[www.zettafarms.com/wp-content/uploads/2023/10/6-12-300x169.jpg]
[www.zettafarms.com/wp-content/uploads/2023/10/6-12-1024x576.jpg]
[www.zettafarms.com/wp-content/uploads/2023/10/6-12-768x432.jpg]
[www.zettafarms.com/wp-content/uploads/2023/10/4-12.jpg]
[www.zettafarms.com/wp-content/uploads/2023/10/4-12-300x169.jpg]
[www.zettafarms.com/wp-content/uploads/2023/10/4-12-1024x576.jpg]
[www.zettafarms.com/wp-content/uploads/2023/10/4-12-768x432.jpg]
[www.zettafarms.com/wp-content/uploads/2023/10/5-12.jpg]
[www.zettafarms.com/wp-content/uploads/2023/10/5-12-300x169.jpg]
[www.zettafarms.com/wp-content/uploads/2023/10/5-12-1024x576.jpg]
[www.zettafarms.com/wp-content/uploads/2023/10/5-12-768x432.jpg]
[www.zettafarms.com/wp-content/uploads/2023/10/1-12.jpg]
[www.zettafarms.com/wp-content/uploads/2023/10/1-12-300x169.jpg]
[www.zettafarms.com/wp-content/uploads/2023/10/1-12-1024x576.jpg]
[www.zettafarms.com/wp-content/uploads/2023/10/1-12-768x432.jpg]
[www.zettafarms.com/nagaland-farms/index.html]
[www.zettafarms.com/wp-content/uploads/2023/10/banner-6.jpg]
[www.zettafarms.com/wp-json/oembed/1.0/embedf20b.json]
[www.zettafarms.com/wp-json/oembed/1.0/embedfd4b]
[www.zettafarms.com/wp-json/wp/v2/pages/1163.json]
[www.zettafarms.com/wp-content/uploads/2023/10/banner-6-300x125.jpg]
[www.zettafarms.com/wp-content/uploads/2023/10/banner-6-1024x427.jpg]
[www.zettafarms.com/wp-content/uploads/2023/10/banner-6-768x320.jpg]
[www.zettafarms.com/wp-content/uploads/2023/10/banner-6-1536x640.jpg]
[www.zettafarms.com/wp-content/uploads/2024/01/gurgoan-6.jpg]
[www.zettafarms.com/wp-content/uploads/2024/01/gurgoan-6-300x169.jpg]
[www.zettafarms.com/wp-content/uploads/2024/01/gurgoan-6-1024x576.jpg]
[www.zettafarms.com/wp-content/uploads/2024/01/gurgoan-6-768x432.jpg]
[www.zettafarms.com/wp-content/uploads/2024/01/gurgoan-5.jpg]
[www.zettafarms.com/wp-content/uploads/2024/01/gurgoan-5-300x169.jpg]
[www.zettafarms.com/wp-content/uploads/2024/01/gurgoan-5-1024x576.jpg]
[www.zettafarms.com/wp-content/uploads/2024/01/gurgoan-5-768x432.jpg]
[www.zettafarms.com/wp-content/uploads/2024/01/gurgoan-4.jpg]
[www.zettafarms.com/wp-content/uploads/2024/01/gurgoan-4-300x169.jpg]
[www.zettafarms.com/wp-content/uploads/2024/01/gurgoan-4-1024x576.jpg]
[www.zettafarms.com/wp-content/uploads/2024/01/gurgoan-4-768x432.jpg]
[www.zettafarms.com/wp-content/uploads/2024/01/gurgoan-3.jpg]
[www.zettafarms.com/wp-content/uploads/2024/01/gurgoan-3-300x169.jpg]
[www.zettafarms.com/wp-content/uploads/2024/01/gurgoan-3-1024x576.jpg]
[www.zettafarms.com/wp-content/uploads/2024/01/gurgoan-3-768x432.jpg]
[www.zettafarms.com/wp-content/uploads/2024/01/gurgoan-2.jpg]
[www.zettafarms.com/wp-content/uploads/2024/01/gurgoan-2-300x169.jpg]
[www.zettafarms.com/wp-content/uploads/2024/01/gurgoan-2-1024x576.jpg]
[www.zettafarms.com/wp-content/uploads/2024/01/gurgoan-2-768x432.jpg]
[www.zettafarms.com/wp-content/uploads/2024/01/gurgoan-1.jpg]
[www.zettafarms.com/wp-content/uploads/2024/01/gurgoan-1-300x169.jpg]
[www.zettafarms.com/wp-content/uploads/2024/01/gurgoan-1-1024x576.jpg]
[www.zettafarms.com/wp-content/uploads/2024/01/gurgoan-1-768x432.jpg]
[www.zettafarms.com/wp-content/uploads/2023/10/15-4.jpg]
[www.zettafarms.com/wp-content/uploads/2023/10/15-4-300x169.jpg]
[www.zettafarms.com/wp-content/uploads/2023/10/15-4-1024x576.jpg]
[www.zettafarms.com/wp-content/uploads/2023/10/15-4-768x432.jpg]
[www.zettafarms.com/wp-content/uploads/2023/10/14-4.jpg]
[www.zettafarms.com/wp-content/uploads/2023/10/14-4-300x169.jpg]
[www.zettafarms.com/wp-content/uploads/2023/10/14-4-1024x576.jpg]
[www.zettafarms.com/wp-content/uploads/2023/10/14-4-768x432.jpg]
[www.zettafarms.com/wp-content/uploads/2023/10/13-4.jpg]
[www.zettafarms.com/wp-content/uploads/2023/10/13-4-300x169.jpg]
[www.zettafarms.com/wp-content/uploads/2023/10/13-4-1024x576.jpg]
[www.zettafarms.com/wp-content/uploads/2023/10/13-4-768x432.jpg]
[www.zettafarms.com/wp-content/uploads/2023/10/12-4.jpg]
[www.zettafarms.com/wp-content/uploads/2023/10/12-4-300x173.jpg]
[www.zettafarms.com/wp-content/uploads/2023/10/12-4-1024x591.jpg]
[www.zettafarms.com/wp-content/uploads/2023/10/12-4-768x443.jpg]
[www.zettafarms.com/wp-content/uploads/2023/10/11-4.jpg]
[www.zettafarms.com/wp-content/uploads/2023/10/11-4-300x169.jpg]
[www.zettafarms.com/wp-content/uploads/2023/10/11-4-1024x576.jpg]
[www.zettafarms.com/wp-content/uploads/2023/10/11-4-768x432.jpg]
[www.zettafarms.com/wp-content/uploads/2023/10/10-4.jpg]
[www.zettafarms.com/wp-content/uploads/2023/10/10-4-300x169.jpg]
[www.zettafarms.com/wp-content/uploads/2023/10/10-4-1024x576.jpg]
[www.zettafarms.com/wp-content/uploads/2023/10/10-4-768x432.jpg]
[www.zettafarms.com/wp-content/uploads/2023/10/9-4.jpg]
[www.zettafarms.com/wp-content/uploads/2023/10/9-4-300x169.jpg]
[www.zettafarms.com/wp-content/uploads/2023/10/9-4-1024x576.jpg]
[www.zettafarms.com/wp-content/uploads/2023/10/9-4-768x432.jpg]
[www.zettafarms.com/wp-content/uploads/2023/10/8-4.jpg]
[www.zettafarms.com/wp-content/uploads/2023/10/8-4-300x169.jpg]
[www.zettafarms.com/wp-content/uploads/2023/10/8-4-1024x576.jpg]
[www.zettafarms.com/wp-content/uploads/2023/10/8-4-768x432.jpg]
[www.zettafarms.com/wp-content/uploads/2023/10/7-4.jpg]
[www.zettafarms.com/wp-content/uploads/2023/10/7-4-300x169.jpg]
[www.zettafarms.com/wp-content/uploads/2023/10/7-4-1024x576.jpg]
[www.zettafarms.com/wp-content/uploads/2023/10/7-4-768x432.jpg]
[www.zettafarms.com/wp-content/uploads/2023/10/6-4.jpg]
[www.zettafarms.com/wp-content/uploads/2023/10/6-4-300x169.jpg]
[www.zettafarms.com/wp-content/uploads/2023/10/6-4-1024x576.jpg]
[www.zettafarms.com/wp-content/uploads/2023/10/6-4-768x432.jpg]
[www.zettafarms.com/wp-content/uploads/2023/10/5-4.jpg]
[www.zettafarms.com/wp-content/uploads/2023/10/5-4-300x169.jpg]
[www.zettafarms.com/wp-content/uploads/2023/10/5-4-1024x576.jpg]
[www.zettafarms.com/wp-content/uploads/2023/10/5-4-768x432.jpg]
[www.zettafarms.com/wp-content/uploads/2023/10/3-4.jpg]
[www.zettafarms.com/wp-content/uploads/2023/10/3-4-300x169.jpg]
[www.zettafarms.com/wp-content/uploads/2023/10/3-4-1024x576.jpg]
[www.zettafarms.com/wp-content/uploads/2023/10/3-4-768x432.jpg]
[www.zettafarms.com/wp-content/uploads/2023/10/2-4.jpg]
[www.zettafarms.com/wp-content/uploads/2023/10/2-4-300x169.jpg]
[www.zettafarms.com/wp-content/uploads/2023/10/2-4-1024x576.jpg]
[www.zettafarms.com/wp-content/uploads/2023/10/2-4-768x432.jpg]
[www.zettafarms.com/wp-content/uploads/2023/10/1-4.jpg]
[www.zettafarms.com/wp-content/uploads/2023/10/1-4-300x169.jpg]
[www.zettafarms.com/wp-content/uploads/2023/10/1-4-1024x576.jpg]
[www.zettafarms.com/wp-content/uploads/2023/10/1-4-768x432.jpg]
[www.zettafarms.com/gurgaon-farms/index.html]
[www.zettafarms.com/wp-content/uploads/2023/10/banner-14.jpg]
[www.zettafarms.com/wp-json/oembed/1.0/embedccd6.json]
[www.zettafarms.com/wp-json/oembed/1.0/embedc61c]
[www.zettafarms.com/wp-json/wp/v2/pages/1324.json]
[www.zettafarms.com/wp-content/uploads/2023/10/banner-14-300x125.jpg]
[www.zettafarms.com/wp-content/uploads/2023/10/banner-14-1024x427.jpg]
[www.zettafarms.com/wp-content/uploads/2023/10/banner-14-768x320.jpg]
[www.zettafarms.com/wp-content/uploads/2023/10/banner-14-1536x640.jpg]
[www.zettafarms.com/wp-content/uploads/2024/01/Tea-Estate-0010.jpg]
[www.zettafarms.com/wp-content/uploads/2024/01/Tea-Estate-0010-300x169.jpg]
[www.zettafarms.com/wp-content/uploads/2024/01/Tea-Estate-0010-1024x576.jpg]
[www.zettafarms.com/wp-content/uploads/2024/01/Tea-Estate-0010-768x432.jpg]
[www.zettafarms.com/wp-content/uploads/2024/01/Tea-Estate-009.jpg]
[www.zettafarms.com/wp-content/uploads/2024/01/Tea-Estate-009-300x169.jpg]
[www.zettafarms.com/wp-content/uploads/2024/01/Tea-Estate-009-1024x576.jpg]
[www.zettafarms.com/wp-content/uploads/2024/01/Tea-Estate-009-768x432.jpg]
[www.zettafarms.com/wp-content/uploads/2024/01/Tea-Estate-008.jpg]
[www.zettafarms.com/wp-content/uploads/2024/01/Tea-Estate-008-300x169.jpg]
[www.zettafarms.com/wp-content/uploads/2024/01/Tea-Estate-008-1024x576.jpg]
[www.zettafarms.com/wp-content/uploads/2024/01/Tea-Estate-008-768x432.jpg]
[www.zettafarms.com/wp-content/uploads/2024/01/Tea-Estate-007.jpg]
[www.zettafarms.com/wp-content/uploads/2024/01/Tea-Estate-007-300x169.jpg]
[www.zettafarms.com/wp-content/uploads/2024/01/Tea-Estate-007-1024x576.jpg]
[www.zettafarms.com/wp-content/uploads/2024/01/Tea-Estate-007-768x432.jpg]
[www.zettafarms.com/wp-content/uploads/2024/01/Tea-Estate-006.jpg]
[www.zettafarms.com/wp-content/uploads/2024/01/Tea-Estate-006-300x169.jpg]
[www.zettafarms.com/wp-content/uploads/2024/01/Tea-Estate-006-1024x576.jpg]
[www.zettafarms.com/wp-content/uploads/2024/01/Tea-Estate-006-768x432.jpg]
[www.zettafarms.com/wp-content/uploads/2024/01/Tea-Estate-005.jpg]
[www.zettafarms.com/wp-content/uploads/2024/01/Tea-Estate-005-300x169.jpg]
[www.zettafarms.com/wp-content/uploads/2024/01/Tea-Estate-005-1024x576.jpg]
[www.zettafarms.com/wp-content/uploads/2024/01/Tea-Estate-005-768x432.jpg]
[www.zettafarms.com/wp-content/uploads/2024/01/Tea-Estate-004.jpg]
[www.zettafarms.com/wp-content/uploads/2024/01/Tea-Estate-004-300x169.jpg]
[www.zettafarms.com/wp-content/uploads/2024/01/Tea-Estate-004-1024x576.jpg]
[www.zettafarms.com/wp-content/uploads/2024/01/Tea-Estate-004-768x432.jpg]
[www.zettafarms.com/wp-content/uploads/2024/01/Tea-Estate-003.jpg]
[www.zettafarms.com/wp-content/uploads/2024/01/Tea-Estate-003-300x169.jpg]
[www.zettafarms.com/wp-content/uploads/2024/01/Tea-Estate-003-1024x576.jpg]
[www.zettafarms.com/wp-content/uploads/2024/01/Tea-Estate-003-768x432.jpg]
[www.zettafarms.com/wp-content/uploads/2024/01/Tea-Estate-002.jpg]
[www.zettafarms.com/wp-content/uploads/2024/01/Tea-Estate-002-300x169.jpg]
[www.zettafarms.com/wp-content/uploads/2024/01/Tea-Estate-002-1024x576.jpg]
[www.zettafarms.com/wp-content/uploads/2024/01/Tea-Estate-002-768x432.jpg]
[www.zettafarms.com/wp-content/uploads/2024/01/Tea-Estate-001.jpg]
[www.zettafarms.com/wp-content/uploads/2024/01/Tea-Estate-001-300x169.jpg]
[www.zettafarms.com/wp-content/uploads/2024/01/Tea-Estate-001-1024x576.jpg]
[www.zettafarms.com/wp-content/uploads/2024/01/Tea-Estate-001-768x432.jpg]
[www.zettafarms.com/wp-content/uploads/2023/10/8-11.jpg]
[www.zettafarms.com/wp-content/uploads/2023/10/8-11-300x169.jpg]
[www.zettafarms.com/wp-content/uploads/2023/10/8-11-1024x576.jpg]
[www.zettafarms.com/wp-content/uploads/2023/10/8-11-768x432.jpg]
[www.zettafarms.com/wp-content/uploads/2023/10/7-11.jpg]
[www.zettafarms.com/wp-content/uploads/2023/10/7-11-300x169.jpg]
[www.zettafarms.com/wp-content/uploads/2023/10/7-11-1024x576.jpg]
[www.zettafarms.com/wp-content/uploads/2023/10/7-11-768x432.jpg]
[www.zettafarms.com/wp-content/uploads/2023/10/5-11.jpg]
[www.zettafarms.com/wp-content/uploads/2023/10/5-11-300x169.jpg]
[www.zettafarms.com/wp-content/uploads/2023/10/5-11-1024x576.jpg]
[www.zettafarms.com/wp-content/uploads/2023/10/5-11-768x432.jpg]
[www.zettafarms.com/wp-content/uploads/2023/10/4-11.jpg]
[www.zettafarms.com/wp-content/uploads/2023/10/4-11-300x169.jpg]
[www.zettafarms.com/wp-content/uploads/2023/10/4-11-1024x576.jpg]
[www.zettafarms.com/wp-content/uploads/2023/10/4-11-768x432.jpg]
[www.zettafarms.com/wp-content/uploads/2023/10/6-11.jpg]
[www.zettafarms.com/wp-content/uploads/2023/10/6-11-300x169.jpg]
[www.zettafarms.com/wp-content/uploads/2023/10/6-11-1024x576.jpg]
[www.zettafarms.com/wp-content/uploads/2023/10/6-11-768x432.jpg]
[www.zettafarms.com/wp-content/uploads/2023/10/9-11.jpg]
[www.zettafarms.com/wp-content/uploads/2023/10/9-11-300x169.jpg]
[www.zettafarms.com/wp-content/uploads/2023/10/9-11-1024x576.jpg]
[www.zettafarms.com/wp-content/uploads/2023/10/9-11-768x432.jpg]
[www.zettafarms.com/wp-content/uploads/2023/10/3-11.jpg]
[www.zettafarms.com/wp-content/uploads/2023/10/3-11-300x169.jpg]
[www.zettafarms.com/wp-content/uploads/2023/10/3-11-1024x576.jpg]
[www.zettafarms.com/wp-content/uploads/2023/10/3-11-768x432.jpg]
[www.zettafarms.com/wp-content/uploads/2023/10/2-11.jpg]
[www.zettafarms.com/wp-content/uploads/2023/10/2-11-300x169.jpg]
[www.zettafarms.com/wp-content/uploads/2023/10/2-11-1024x576.jpg]
[www.zettafarms.com/wp-content/uploads/2023/10/2-11-768x432.jpg]
[www.zettafarms.com/wp-content/uploads/2023/10/1-11.jpg]
[www.zettafarms.com/wp-content/uploads/2023/10/1-11-300x169.jpg]
[www.zettafarms.com/wp-content/uploads/2023/10/1-11-1024x576.jpg]
[www.zettafarms.com/wp-content/uploads/2023/10/1-11-768x432.jpg]
[www.zettafarms.com/tea-estate/index.html]
[www.zettafarms.com/wp-content/uploads/2023/10/banner-4.jpg]
[www.zettafarms.com/wp-json/oembed/1.0/embedd6b4.json]
[www.zettafarms.com/wp-json/oembed/1.0/embed233b]
[www.zettafarms.com/wp-json/wp/v2/pages/1114.json]
[www.zettafarms.com/wp-content/uploads/2023/10/banner-4-300x125.jpg]
[www.zettafarms.com/wp-content/uploads/2023/10/banner-4-1024x427.jpg]
[www.zettafarms.com/wp-content/uploads/2023/10/banner-4-768x320.jpg]
[www.zettafarms.com/wp-content/uploads/2023/10/banner-4-1536x640.jpg]
[www.zettafarms.com/wp-content/uploads/2024/01/Coffee-1.jpg]
[www.zettafarms.com/wp-content/uploads/2024/01/Coffee-1-300x169.jpg]
[www.zettafarms.com/wp-content/uploads/2024/01/Coffee-1-1024x576.jpg]
[www.zettafarms.com/wp-content/uploads/2024/01/Coffee-1-768x432.jpg]
[www.zettafarms.com/wp-content/uploads/2024/01/Coffee-8.jpg]
[www.zettafarms.com/wp-content/uploads/2024/01/Coffee-8-300x169.jpg]
[www.zettafarms.com/wp-content/uploads/2024/01/Coffee-8-1024x576.jpg]
[www.zettafarms.com/wp-content/uploads/2024/01/Coffee-8-768x432.jpg]
[www.zettafarms.com/wp-content/uploads/2024/01/Coffee-6.jpg]
[www.zettafarms.com/wp-content/uploads/2024/01/Coffee-6-300x169.jpg]
[www.zettafarms.com/wp-content/uploads/2024/01/Coffee-6-1024x576.jpg]
[www.zettafarms.com/wp-content/uploads/2024/01/Coffee-6-768x432.jpg]
[www.zettafarms.com/wp-content/uploads/2024/01/Coffee-5.jpg]
[www.zettafarms.com/wp-content/uploads/2024/01/Coffee-5-300x169.jpg]
[www.zettafarms.com/wp-content/uploads/2024/01/Coffee-5-1024x576.jpg]
[www.zettafarms.com/wp-content/uploads/2024/01/Coffee-5-768x432.jpg]
[www.zettafarms.com/wp-content/uploads/2024/01/Coffee-2.jpg]
[www.zettafarms.com/wp-content/uploads/2024/01/Coffee-2-300x169.jpg]
[www.zettafarms.com/wp-content/uploads/2024/01/Coffee-2-1024x576.jpg]
[www.zettafarms.com/wp-content/uploads/2024/01/Coffee-2-768x432.jpg]
[www.zettafarms.com/wp-content/uploads/2024/01/Untitled-1.jpg]
[www.zettafarms.com/wp-content/uploads/2024/01/Untitled-1-300x169.jpg]
[www.zettafarms.com/wp-content/uploads/2024/01/Untitled-1-1024x576.jpg]
[www.zettafarms.com/wp-content/uploads/2024/01/Untitled-1-768x432.jpg]
[www.zettafarms.com/wp-content/uploads/2024/01/Coffee-7.jpg]
[www.zettafarms.com/wp-content/uploads/2024/01/Coffee-7-300x169.jpg]
[www.zettafarms.com/wp-content/uploads/2024/01/Coffee-7-1024x576.jpg]
[www.zettafarms.com/wp-content/uploads/2024/01/Coffee-7-768x432.jpg]
[www.zettafarms.com/wp-content/uploads/2024/01/Coffee-10.jpg]
[www.zettafarms.com/wp-content/uploads/2024/01/Coffee-10-300x169.jpg]
[www.zettafarms.com/wp-content/uploads/2024/01/Coffee-10-1024x576.jpg]
[www.zettafarms.com/wp-content/uploads/2024/01/Coffee-10-768x432.jpg]
[www.zettafarms.com/wp-content/uploads/2024/01/Coffee-9.jpg]
[www.zettafarms.com/wp-content/uploads/2024/01/Coffee-9-300x169.jpg]
[www.zettafarms.com/wp-content/uploads/2024/01/Coffee-9-1024x576.jpg]
[www.zettafarms.com/wp-content/uploads/2024/01/Coffee-9-768x432.jpg]
[www.zettafarms.com/wp-content/uploads/2024/01/Coffee-3.jpg]
[www.zettafarms.com/wp-content/uploads/2024/01/Coffee-3-300x169.jpg]
[www.zettafarms.com/wp-content/uploads/2024/01/Coffee-3-1024x576.jpg]
[www.zettafarms.com/wp-content/uploads/2024/01/Coffee-3-768x432.jpg]
[www.zettafarms.com/coffee-estate-robusta-jayapura/index.html]
[www.zettafarms.com/wp-content/uploads/2023/10/banner-2.jpg]
[www.zettafarms.com/wp-json/oembed/1.0/embed29f8.json]
[www.zettafarms.com/wp-json/oembed/1.0/embeda3a4]
[www.zettafarms.com/wp-json/wp/v2/pages/1061.json]
[www.zettafarms.com/wp-content/uploads/2023/10/banner-2-300x125.jpg]
[www.zettafarms.com/wp-content/uploads/2023/10/banner-2-1024x427.jpg]
[www.zettafarms.com/wp-content/uploads/2023/10/banner-2-768x320.jpg]
[www.zettafarms.com/wp-content/uploads/2023/10/banner-2-1536x640.jpg]
[www.zettafarms.com/wp-content/uploads/2023/10/15.jpg]
[www.zettafarms.com/wp-content/uploads/2023/10/15-300x169.jpg]
[www.zettafarms.com/wp-content/uploads/2023/10/15-1024x576.jpg]
[www.zettafarms.com/wp-content/uploads/2023/10/15-768x432.jpg]
[www.zettafarms.com/wp-content/uploads/2023/10/5.jpg]
[www.zettafarms.com/wp-content/uploads/2023/10/5-300x169.jpg]
[www.zettafarms.com/wp-content/uploads/2023/10/5-1024x576.jpg]
[www.zettafarms.com/wp-content/uploads/2023/10/5-768x432.jpg]
[www.zettafarms.com/wp-content/uploads/2023/10/8.jpg]
[www.zettafarms.com/wp-content/uploads/2023/10/8-300x169.jpg]
[www.zettafarms.com/wp-content/uploads/2023/10/8-1024x576.jpg]
[www.zettafarms.com/wp-content/uploads/2023/10/8-768x432.jpg]
[www.zettafarms.com/wp-content/uploads/2023/10/7.jpg]
[www.zettafarms.com/wp-content/uploads/2023/10/7-300x169.jpg]
[www.zettafarms.com/wp-content/uploads/2023/10/7-1024x576.jpg]
[www.zettafarms.com/wp-content/uploads/2023/10/7-768x432.jpg]
[www.zettafarms.com/wp-content/uploads/2024/01/Baag-Bundi-Farms-0010.jpg]
[www.zettafarms.com/wp-content/uploads/2024/01/Baag-Bundi-Farms-0010-300x169.jpg]
[www.zettafarms.com/wp-content/uploads/2024/01/Baag-Bundi-Farms-0010-1024x576.jpg]
[www.zettafarms.com/wp-content/uploads/2024/01/Baag-Bundi-Farms-0010-768x432.jpg]
[www.zettafarms.com/wp-content/uploads/2023/10/14.jpg]
[www.zettafarms.com/wp-content/uploads/2023/10/14-300x169.jpg]
[www.zettafarms.com/wp-content/uploads/2023/10/14-1024x576.jpg]
[www.zettafarms.com/wp-content/uploads/2023/10/14-768x432.jpg]
[www.zettafarms.com/wp-content/uploads/2023/10/1.jpg]
[www.zettafarms.com/wp-content/uploads/2023/10/1-300x169.jpg]
[www.zettafarms.com/wp-content/uploads/2023/10/1-1024x576.jpg]
[www.zettafarms.com/wp-content/uploads/2023/10/1-768x432.jpg]
[www.zettafarms.com/wp-content/uploads/2024/01/Baag-Bundi-Farms-001.jpg]
[www.zettafarms.com/wp-content/uploads/2024/01/Baag-Bundi-Farms-001-300x169.jpg]
[www.zettafarms.com/wp-content/uploads/2024/01/Baag-Bundi-Farms-001-1024x576.jpg]
[www.zettafarms.com/wp-content/uploads/2024/01/Baag-Bundi-Farms-001-768x432.jpg]
[www.zettafarms.com/wp-content/uploads/2023/10/12.jpg]
[www.zettafarms.com/wp-content/uploads/2023/10/12-300x169.jpg]
[www.zettafarms.com/wp-content/uploads/2023/10/12-1024x576.jpg]
[www.zettafarms.com/wp-content/uploads/2023/10/12-768x432.jpg]
[www.zettafarms.com/wp-content/uploads/2024/01/Baag-Bundi-Farms-002.jpg]
[www.zettafarms.com/wp-content/uploads/2024/01/Baag-Bundi-Farms-002-300x169.jpg]
[www.zettafarms.com/wp-content/uploads/2024/01/Baag-Bundi-Farms-002-1024x576.jpg]
[www.zettafarms.com/wp-content/uploads/2024/01/Baag-Bundi-Farms-002-768x432.jpg]
[www.zettafarms.com/wp-content/uploads/2024/01/Baag-Bundi-Farms-003.jpg]
[www.zettafarms.com/wp-content/uploads/2024/01/Baag-Bundi-Farms-003-300x169.jpg]
[www.zettafarms.com/wp-content/uploads/2024/01/Baag-Bundi-Farms-003-1024x576.jpg]
[www.zettafarms.com/wp-content/uploads/2024/01/Baag-Bundi-Farms-003-768x432.jpg]
[www.zettafarms.com/wp-content/uploads/2024/01/Untitled-1-1.jpg]
[www.zettafarms.com/wp-content/uploads/2024/01/Untitled-1-1-300x169.jpg]
[www.zettafarms.com/wp-content/uploads/2024/01/Untitled-1-1-1024x576.jpg]
[www.zettafarms.com/wp-content/uploads/2024/01/Untitled-1-1-768x432.jpg]
[www.zettafarms.com/wp-content/uploads/2024/01/Baag-Bundi-Farms-004.jpg]
[www.zettafarms.com/wp-content/uploads/2024/01/Baag-Bundi-Farms-004-300x169.jpg]
[www.zettafarms.com/wp-content/uploads/2024/01/Baag-Bundi-Farms-004-1024x576.jpg]
[www.zettafarms.com/wp-content/uploads/2024/01/Baag-Bundi-Farms-004-768x432.jpg]
[www.zettafarms.com/wp-content/uploads/2023/10/4.jpg]
[www.zettafarms.com/wp-content/uploads/2023/10/4-300x169.jpg]
[www.zettafarms.com/wp-content/uploads/2023/10/4-1024x576.jpg]
[www.zettafarms.com/wp-content/uploads/2023/10/4-768x432.jpg]
[www.zettafarms.com/wp-content/uploads/2024/01/Baag-Bundi-Farms-009.jpg]
[www.zettafarms.com/wp-content/uploads/2024/01/Baag-Bundi-Farms-009-300x169.jpg]
[www.zettafarms.com/wp-content/uploads/2024/01/Baag-Bundi-Farms-009-1024x576.jpg]
[www.zettafarms.com/wp-content/uploads/2024/01/Baag-Bundi-Farms-009-768x432.jpg]
[www.zettafarms.com/wp-content/uploads/2024/01/Baag-Bundi-Farms-005.jpg]
[www.zettafarms.com/wp-content/uploads/2024/01/Baag-Bundi-Farms-005-300x169.jpg]
[www.zettafarms.com/wp-content/uploads/2024/01/Baag-Bundi-Farms-005-1024x576.jpg]
[www.zettafarms.com/wp-content/uploads/2024/01/Baag-Bundi-Farms-005-768x432.jpg]
[www.zettafarms.com/wp-content/uploads/2023/10/6.jpg]
[www.zettafarms.com/wp-content/uploads/2023/10/6-300x169.jpg]
[www.zettafarms.com/wp-content/uploads/2023/10/6-1024x576.jpg]
[www.zettafarms.com/wp-content/uploads/2023/10/6-768x432.jpg]
[www.zettafarms.com/wp-content/uploads/2024/01/Baag-Bundi-Farms-006.jpg]
[www.zettafarms.com/wp-content/uploads/2024/01/Baag-Bundi-Farms-006-300x169.jpg]
[www.zettafarms.com/wp-content/uploads/2024/01/Baag-Bundi-Farms-006-1024x576.jpg]
[www.zettafarms.com/wp-content/uploads/2024/01/Baag-Bundi-Farms-006-768x432.jpg]
[www.zettafarms.com/wp-content/uploads/2024/01/Baag-Bundi-Farms-007.jpg]
[www.zettafarms.com/wp-content/uploads/2024/01/Baag-Bundi-Farms-007-300x169.jpg]
[www.zettafarms.com/wp-content/uploads/2024/01/Baag-Bundi-Farms-007-1024x576.jpg]
[www.zettafarms.com/wp-content/uploads/2024/01/Baag-Bundi-Farms-007-768x432.jpg]
[www.zettafarms.com/wp-content/uploads/2023/10/9.jpg]
[www.zettafarms.com/wp-content/uploads/2023/10/9-300x169.jpg]
[www.zettafarms.com/wp-content/uploads/2023/10/9-1024x576.jpg]
[www.zettafarms.com/wp-content/uploads/2023/10/9-768x432.jpg]
[www.zettafarms.com/wp-content/uploads/2023/10/3.jpg]
[www.zettafarms.com/wp-content/uploads/2023/10/3-300x169.jpg]
[www.zettafarms.com/wp-content/uploads/2023/10/3-1024x576.jpg]
[www.zettafarms.com/wp-content/uploads/2023/10/3-768x432.jpg]
[www.zettafarms.com/wp-content/uploads/2023/10/2.jpg]
[www.zettafarms.com/wp-content/uploads/2023/10/2-300x169.jpg]
[www.zettafarms.com/wp-content/uploads/2023/10/2-1024x576.jpg]
[www.zettafarms.com/baag-bundi-farms/index.html]
[www.zettafarms.com/wp-content/uploads/2023/10/2-768x432.jpg]
[www.zettafarms.com/wp-content/uploads/2023/10/banner-3.jpg]
[www.zettafarms.com/wp-json/oembed/1.0/embed3af0.json]
[www.zettafarms.com/wp-json/oembed/1.0/embeda770]
[www.zettafarms.com/wp-json/wp/v2/pages/1091.json]
[www.zettafarms.com/wp-content/uploads/2023/10/banner-3-300x125.jpg]
[www.zettafarms.com/wp-content/uploads/2023/10/banner-3-1024x427.jpg]
[www.zettafarms.com/wp-content/uploads/2023/10/banner-3-768x320.jpg]
[www.zettafarms.com/wp-content/uploads/2023/10/banner-3-1536x640.jpg]
[www.zettafarms.com/wp-content/uploads/2023/10/12-1.jpg]
[www.zettafarms.com/wp-content/uploads/2023/10/12-1-300x169.jpg]
[www.zettafarms.com/wp-content/uploads/2023/10/12-1-1024x576.jpg]
[www.zettafarms.com/wp-content/uploads/2023/10/12-1-768x432.jpg]
[www.zettafarms.com/wp-content/uploads/2023/10/13-1.jpg]
[www.zettafarms.com/wp-content/uploads/2023/10/13-1-300x169.jpg]
[www.zettafarms.com/wp-content/uploads/2023/10/13-1-1024x576.jpg]
[www.zettafarms.com/wp-content/uploads/2023/10/13-1-768x432.jpg]
[www.zettafarms.com/wp-content/uploads/2023/10/15-1.jpg]
[www.zettafarms.com/wp-content/uploads/2023/10/15-1-300x169.jpg]
[www.zettafarms.com/wp-content/uploads/2023/10/15-1-1024x576.jpg]
[www.zettafarms.com/wp-content/uploads/2023/10/15-1-768x432.jpg]
[www.zettafarms.com/wp-content/uploads/2023/10/3-1.jpg]
[www.zettafarms.com/wp-content/uploads/2023/10/3-1-300x169.jpg]
[www.zettafarms.com/wp-content/uploads/2023/10/3-1-1024x576.jpg]
[www.zettafarms.com/wp-content/uploads/2023/10/3-1-768x432.jpg]
[www.zettafarms.com/wp-content/uploads/2023/10/7-1.jpg]
[www.zettafarms.com/wp-content/uploads/2023/10/7-1-300x169.jpg]
[www.zettafarms.com/wp-content/uploads/2023/10/7-1-1024x576.jpg]
[www.zettafarms.com/wp-content/uploads/2023/10/7-1-768x432.jpg]
[www.zettafarms.com/wp-content/uploads/2023/10/11-1.jpg]
[www.zettafarms.com/wp-content/uploads/2023/10/11-1-300x169.jpg]
[www.zettafarms.com/wp-content/uploads/2023/10/11-1-1024x576.jpg]
[www.zettafarms.com/wp-content/uploads/2023/10/11-1-768x432.jpg]
[www.zettafarms.com/wp-content/uploads/2023/10/6-1.jpg]
[www.zettafarms.com/wp-content/uploads/2023/10/6-1-300x169.jpg]
[www.zettafarms.com/wp-content/uploads/2023/10/6-1-1024x576.jpg]
[www.zettafarms.com/wp-content/uploads/2023/10/6-1-768x432.jpg]
[www.zettafarms.com/wp-content/uploads/2023/10/8-1.jpg]
[www.zettafarms.com/wp-content/uploads/2023/10/8-1-300x169.jpg]
[www.zettafarms.com/wp-content/uploads/2023/10/8-1-1024x576.jpg]
[www.zettafarms.com/wp-content/uploads/2023/10/8-1-768x432.jpg]
[www.zettafarms.com/wp-content/uploads/2023/10/1-1.jpg]
[www.zettafarms.com/wp-content/uploads/2023/10/1-1-300x169.jpg]
[www.zettafarms.com/wp-content/uploads/2023/10/1-1-1024x576.jpg]
[www.zettafarms.com/wp-content/uploads/2023/10/1-1-768x432.jpg]
[www.zettafarms.com/wp-content/uploads/2023/10/14-1.jpg]
[www.zettafarms.com/wp-content/uploads/2023/10/14-1-300x169.jpg]
[www.zettafarms.com/wp-content/uploads/2023/10/14-1-1024x576.jpg]
[www.zettafarms.com/wp-content/uploads/2023/10/14-1-768x432.jpg]
[www.zettafarms.com/wp-content/uploads/2023/10/2-1.jpg]
[www.zettafarms.com/wp-content/uploads/2023/10/2-1-300x169.jpg]
[www.zettafarms.com/wp-content/uploads/2023/10/2-1-1024x576.jpg]
[www.zettafarms.com/wp-content/uploads/2023/10/2-1-768x432.jpg]
[www.zettafarms.com/wp-content/uploads/2023/10/5-1.jpg]
[www.zettafarms.com/wp-content/uploads/2023/10/5-1-300x169.jpg]
[www.zettafarms.com/wp-content/uploads/2023/10/5-1-1024x576.jpg]
[www.zettafarms.com/wp-content/uploads/2023/10/5-1-768x432.jpg]
[www.zettafarms.com/wp-content/uploads/2023/10/9-1.jpg]
[www.zettafarms.com/wp-content/uploads/2023/10/9-1-300x169.jpg]
[www.zettafarms.com/wp-content/uploads/2023/10/9-1-1024x576.jpg]
[www.zettafarms.com/wp-content/uploads/2023/10/9-1-768x432.jpg]
[www.zettafarms.com/wp-content/uploads/2023/10/10-1.jpg]
[www.zettafarms.com/wp-content/uploads/2023/10/10-1-300x169.jpg]
[www.zettafarms.com/wp-content/uploads/2023/10/10-1-1024x576.jpg]
[www.zettafarms.com/wp-content/uploads/2023/10/10-1-768x432.jpg]
[www.zettafarms.com/wp-content/uploads/2023/10/4-1.jpg]
[www.zettafarms.com/wp-content/uploads/2023/10/4-1-300x169.jpg]
[www.zettafarms.com/wp-content/uploads/2023/10/4-1-1024x576.jpg]
[www.zettafarms.com/barmer-farms/index.html]
[www.zettafarms.com/wp-content/uploads/2023/10/4-1-768x432.jpg]
[www.zettafarms.com/wp-content/uploads/2023/10/banner-7.jpg]
[www.zettafarms.com/wp-json/oembed/1.0/embed1eb2.json]
[www.zettafarms.com/wp-json/oembed/1.0/embedb957]
[www.zettafarms.com/wp-json/wp/v2/pages/1190.json]
[www.zettafarms.com/wp-content/uploads/2023/10/banner-7-300x125.jpg]
[www.zettafarms.com/wp-content/uploads/2023/10/banner-7-1024x427.jpg]
[www.zettafarms.com/wp-content/uploads/2023/10/banner-7-768x320.jpg]
[www.zettafarms.com/wp-content/uploads/2023/10/banner-7-1536x640.jpg]
[www.zettafarms.com/wp-content/uploads/2023/10/6-5.jpg]
[www.zettafarms.com/wp-content/uploads/2023/10/6-5-300x169.jpg]
[www.zettafarms.com/wp-content/uploads/2023/10/6-5-1024x576.jpg]
[www.zettafarms.com/wp-content/uploads/2023/10/6-5-768x432.jpg]
[www.zettafarms.com/wp-content/uploads/2023/10/4-5.jpg]
[www.zettafarms.com/wp-content/uploads/2023/10/4-5-300x169.jpg]
[www.zettafarms.com/wp-content/uploads/2023/10/4-5-1024x576.jpg]
[www.zettafarms.com/wp-content/uploads/2023/10/4-5-768x432.jpg]
[www.zettafarms.com/wp-content/uploads/2023/10/10-5.jpg]
[www.zettafarms.com/wp-content/uploads/2023/10/10-5-300x169.jpg]
[www.zettafarms.com/wp-content/uploads/2023/10/10-5-1024x575.jpg]
[www.zettafarms.com/wp-content/uploads/2023/10/10-5-768x431.jpg]
[www.zettafarms.com/wp-content/uploads/2023/10/13-5.jpg]
[www.zettafarms.com/wp-content/uploads/2023/10/13-5-300x169.jpg]
[www.zettafarms.com/wp-content/uploads/2023/10/13-5-1024x576.jpg]
[www.zettafarms.com/wp-content/uploads/2023/10/13-5-768x432.jpg]
[www.zettafarms.com/wp-content/uploads/2024/01/Itava-7.jpg]
[www.zettafarms.com/wp-content/uploads/2024/01/Itava-7-300x169.jpg]
[www.zettafarms.com/wp-content/uploads/2024/01/Itava-7-1024x576.jpg]
[www.zettafarms.com/wp-content/uploads/2024/01/Itava-7-768x432.jpg]
[www.zettafarms.com/wp-content/uploads/2023/10/14-5.jpg]
[www.zettafarms.com/wp-content/uploads/2023/10/14-5-300x169.jpg]
[www.zettafarms.com/wp-content/uploads/2023/10/14-5-1024x576.jpg]
[www.zettafarms.com/wp-content/uploads/2023/10/14-5-768x432.jpg]
[www.zettafarms.com/wp-content/uploads/2023/10/18-2.jpg]
[www.zettafarms.com/wp-content/uploads/2023/10/18-2-300x169.jpg]
[www.zettafarms.com/wp-content/uploads/2023/10/18-2-1024x576.jpg]
[www.zettafarms.com/wp-content/uploads/2023/10/18-2-768x432.jpg]
[www.zettafarms.com/wp-content/uploads/2024/01/Itava-3.jpg]
[www.zettafarms.com/wp-content/uploads/2024/01/Itava-3-300x169.jpg]
[www.zettafarms.com/wp-content/uploads/2024/01/Itava-3-1024x576.jpg]
[www.zettafarms.com/wp-content/uploads/2024/01/Itava-3-768x432.jpg]
[www.zettafarms.com/wp-content/uploads/2024/01/Itava-1.jpg]
[www.zettafarms.com/wp-content/uploads/2024/01/Itava-1-300x169.jpg]
[www.zettafarms.com/wp-content/uploads/2024/01/Itava-1-1024x576.jpg]
[www.zettafarms.com/wp-content/uploads/2024/01/Itava-1-768x432.jpg]
[www.zettafarms.com/wp-content/uploads/2024/01/Itava-9.jpg]
[www.zettafarms.com/wp-content/uploads/2024/01/Itava-9-300x169.jpg]
[www.zettafarms.com/wp-content/uploads/2024/01/Itava-9-1024x576.jpg]
[www.zettafarms.com/wp-content/uploads/2024/01/Itava-9-768x432.jpg]
[www.zettafarms.com/wp-content/uploads/2023/10/5-5.jpg]
[www.zettafarms.com/wp-content/uploads/2023/10/5-5-300x169.jpg]
[www.zettafarms.com/wp-content/uploads/2023/10/5-5-1024x576.jpg]
[www.zettafarms.com/wp-content/uploads/2023/10/5-5-768x432.jpg]
[www.zettafarms.com/wp-content/uploads/2024/01/Itava-10.jpg]
[www.zettafarms.com/wp-content/uploads/2024/01/Itava-10-300x169.jpg]
[www.zettafarms.com/wp-content/uploads/2024/01/Itava-10-1024x576.jpg]
[www.zettafarms.com/wp-content/uploads/2024/01/Itava-10-768x432.jpg]
[www.zettafarms.com/wp-content/uploads/2023/10/11-5.jpg]
[www.zettafarms.com/wp-content/uploads/2023/10/11-5-300x169.jpg]
[www.zettafarms.com/wp-content/uploads/2023/10/11-5-1024x576.jpg]
[www.zettafarms.com/wp-content/uploads/2023/10/11-5-768x432.jpg]
[www.zettafarms.com/wp-content/uploads/2024/01/Itava-6.jpg]
[www.zettafarms.com/wp-content/uploads/2024/01/Itava-6-300x169.jpg]
[www.zettafarms.com/wp-content/uploads/2024/01/Itava-6-1024x576.jpg]
[www.zettafarms.com/wp-content/uploads/2024/01/Itava-6-768x432.jpg]
[www.zettafarms.com/wp-content/uploads/2023/10/16-3.jpg]
[www.zettafarms.com/wp-content/uploads/2023/10/16-3-300x169.jpg]
[www.zettafarms.com/wp-content/uploads/2023/10/16-3-1024x576.jpg]
[www.zettafarms.com/wp-content/uploads/2023/10/16-3-768x432.jpg]
[www.zettafarms.com/wp-content/uploads/2023/10/15-5.jpg]
[www.zettafarms.com/wp-content/uploads/2023/10/15-5-300x169.jpg]
[www.zettafarms.com/wp-content/uploads/2023/10/15-5-1024x576.jpg]
[www.zettafarms.com/wp-content/uploads/2023/10/15-5-768x432.jpg]
[www.zettafarms.com/wp-content/uploads/2024/01/Itava-8.jpg]
[www.zettafarms.com/wp-content/uploads/2024/01/Itava-8-300x169.jpg]
[www.zettafarms.com/wp-content/uploads/2024/01/Itava-8-1024x576.jpg]
[www.zettafarms.com/wp-content/uploads/2024/01/Itava-8-768x432.jpg]
[www.zettafarms.com/wp-content/uploads/2024/01/Itava-4.jpg]
[www.zettafarms.com/wp-content/uploads/2024/01/Itava-4-300x169.jpg]
[www.zettafarms.com/wp-content/uploads/2024/01/Itava-4-1024x576.jpg]
[www.zettafarms.com/wp-content/uploads/2024/01/Itava-4-768x432.jpg]
[www.zettafarms.com/wp-content/uploads/2023/10/12-5.jpg]
[www.zettafarms.com/wp-content/uploads/2023/10/12-5-300x169.jpg]
[www.zettafarms.com/wp-content/uploads/2023/10/12-5-1024x576.jpg]
[www.zettafarms.com/wp-content/uploads/2023/10/12-5-768x432.jpg]
[www.zettafarms.com/wp-content/uploads/2023/10/8-5.jpg]
[www.zettafarms.com/wp-content/uploads/2023/10/8-5-300x169.jpg]
[www.zettafarms.com/wp-content/uploads/2023/10/8-5-1024x576.jpg]
[www.zettafarms.com/wp-content/uploads/2023/10/8-5-768x432.jpg]
[www.zettafarms.com/wp-content/uploads/2024/01/Itava-2.jpg]
[www.zettafarms.com/wp-content/uploads/2024/01/Itava-2-300x169.jpg]
[www.zettafarms.com/wp-content/uploads/2024/01/Itava-2-1024x576.jpg]
[www.zettafarms.com/wp-content/uploads/2024/01/Itava-2-768x432.jpg]
[www.zettafarms.com/wp-content/uploads/2023/10/9-5.jpg]
[www.zettafarms.com/wp-content/uploads/2023/10/9-5-300x169.jpg]
[www.zettafarms.com/wp-content/uploads/2023/10/9-5-1024x576.jpg]
[www.zettafarms.com/wp-content/uploads/2023/10/9-5-768x432.jpg]
[www.zettafarms.com/wp-content/uploads/2023/10/3-5.jpg]
[www.zettafarms.com/wp-content/uploads/2023/10/3-5-300x169.jpg]
[www.zettafarms.com/wp-content/uploads/2023/10/3-5-1024x576.jpg]
[www.zettafarms.com/wp-content/uploads/2023/10/3-5-768x432.jpg]
[www.zettafarms.com/wp-content/uploads/2024/01/Itava-5.jpg]
[www.zettafarms.com/wp-content/uploads/2024/01/Itava-5-300x169.jpg]
[www.zettafarms.com/wp-content/uploads/2024/01/Itava-5-1024x576.jpg]
[www.zettafarms.com/wp-content/uploads/2024/01/Itava-5-768x432.jpg]
[www.zettafarms.com/itava-kota-guava-orchard/index.html]
[www.zettafarms.com/wp-content/uploads/2023/10/banner-8.jpg]
[www.zettafarms.com/wp-json/oembed/1.0/embed2542.json]
[www.zettafarms.com/wp-json/oembed/1.0/embed09db]
[www.zettafarms.com/wp-json/wp/v2/pages/1216.json]
[www.zettafarms.com/wp-content/uploads/2023/10/banner-8-300x125.jpg]
[www.zettafarms.com/wp-content/uploads/2023/10/banner-8-1024x427.jpg]
[www.zettafarms.com/wp-content/uploads/2023/10/banner-8-768x320.jpg]
[www.zettafarms.com/wp-content/uploads/2023/10/banner-8-1536x640.jpg]
[www.zettafarms.com/wp-content/uploads/2024/01/shrimp-4.jpg]
[www.zettafarms.com/wp-content/uploads/2024/01/shrimp-4-300x169.jpg]
[www.zettafarms.com/wp-content/uploads/2024/01/shrimp-4-1024x576.jpg]
[www.zettafarms.com/wp-content/uploads/2024/01/shrimp-4-768x432.jpg]
[www.zettafarms.com/wp-content/uploads/2024/01/shrimp-3.jpg]
[www.zettafarms.com/wp-content/uploads/2024/01/shrimp-3-300x169.jpg]
[www.zettafarms.com/wp-content/uploads/2024/01/shrimp-3-1024x576.jpg]
[www.zettafarms.com/wp-content/uploads/2024/01/shrimp-3-768x432.jpg]
[www.zettafarms.com/wp-content/uploads/2024/01/shrimp-2.jpg]
[www.zettafarms.com/wp-content/uploads/2024/01/shrimp-2-300x169.jpg]
[www.zettafarms.com/wp-content/uploads/2024/01/shrimp-2-1024x576.jpg]
[www.zettafarms.com/wp-content/uploads/2024/01/shrimp-2-768x432.jpg]
[www.zettafarms.com/wp-content/uploads/2024/01/shrimp-1.jpg]
[www.zettafarms.com/wp-content/uploads/2024/01/shrimp-1-300x169.jpg]
[www.zettafarms.com/wp-content/uploads/2024/01/shrimp-1-1024x576.jpg]
[www.zettafarms.com/wp-content/uploads/2024/01/shrimp-1-768x432.jpg]
[www.zettafarms.com/wp-content/uploads/2023/10/14-6.jpg]
[www.zettafarms.com/wp-content/uploads/2023/10/14-6-300x169.jpg]
[www.zettafarms.com/wp-content/uploads/2023/10/14-6-1024x576.jpg]
[www.zettafarms.com/wp-content/uploads/2023/10/14-6-768x432.jpg]
[www.zettafarms.com/wp-content/uploads/2023/10/13-6.jpg]
[www.zettafarms.com/wp-content/uploads/2023/10/13-6-300x169.jpg]
[www.zettafarms.com/wp-content/uploads/2023/10/13-6-1024x576.jpg]
[www.zettafarms.com/wp-content/uploads/2023/10/13-6-768x432.jpg]
[www.zettafarms.com/wp-content/uploads/2023/10/12-6.jpg]
[www.zettafarms.com/wp-content/uploads/2023/10/12-6-300x169.jpg]
[www.zettafarms.com/wp-content/uploads/2023/10/12-6-1024x576.jpg]
[www.zettafarms.com/wp-content/uploads/2023/10/12-6-768x432.jpg]
[www.zettafarms.com/wp-content/uploads/2023/10/11-6.jpg]
[www.zettafarms.com/wp-content/uploads/2023/10/11-6-300x169.jpg]
[www.zettafarms.com/wp-content/uploads/2023/10/11-6-1024x576.jpg]
[www.zettafarms.com/wp-content/uploads/2023/10/11-6-768x432.jpg]
[www.zettafarms.com/wp-content/uploads/2023/10/9-6.jpg]
[www.zettafarms.com/wp-content/uploads/2023/10/9-6-300x169.jpg]
[www.zettafarms.com/wp-content/uploads/2023/10/9-6-1024x576.jpg]
[www.zettafarms.com/wp-content/uploads/2023/10/9-6-768x432.jpg]
[www.zettafarms.com/wp-content/uploads/2023/10/8-6.jpg]
[www.zettafarms.com/wp-content/uploads/2023/10/8-6-300x169.jpg]
[www.zettafarms.com/wp-content/uploads/2023/10/8-6-1024x576.jpg]
[www.zettafarms.com/wp-content/uploads/2023/10/8-6-768x432.jpg]
[www.zettafarms.com/wp-content/uploads/2023/10/5-6.jpg]
[www.zettafarms.com/wp-content/uploads/2023/10/5-6-300x169.jpg]
[www.zettafarms.com/wp-content/uploads/2023/10/5-6-1024x576.jpg]
[www.zettafarms.com/wp-content/uploads/2023/10/5-6-768x432.jpg]
[www.zettafarms.com/wp-content/uploads/2023/10/4-6.jpg]
[www.zettafarms.com/wp-content/uploads/2023/10/4-6-300x169.jpg]
[www.zettafarms.com/wp-content/uploads/2023/10/4-6-1024x576.jpg]
[www.zettafarms.com/wp-content/uploads/2023/10/4-6-768x432.jpg]
[www.zettafarms.com/wp-content/uploads/2023/10/3-6.jpg]
[www.zettafarms.com/wp-content/uploads/2023/10/3-6-300x169.jpg]
[www.zettafarms.com/wp-content/uploads/2023/10/3-6-1024x576.jpg]
[www.zettafarms.com/wp-content/uploads/2023/10/3-6-768x432.jpg]
[www.zettafarms.com/wp-content/uploads/2023/10/2-6.jpg]
[www.zettafarms.com/wp-content/uploads/2023/10/2-6-300x169.jpg]
[www.zettafarms.com/wp-content/uploads/2023/10/2-6-1024x576.jpg]
[www.zettafarms.com/wp-content/uploads/2023/10/2-6-768x432.jpg]
[www.zettafarms.com/wp-content/uploads/2023/10/1-6.jpg]
[www.zettafarms.com/wp-content/uploads/2023/10/1-6-300x169.jpg]
[www.zettafarms.com/wp-content/uploads/2023/10/1-6-1024x576.jpg]
[www.zettafarms.com/jhajjar-shrimp-farm/index.html]
[www.zettafarms.com/wp-content/uploads/2023/10/1-6-768x432.jpg]
[www.zettafarms.com/wp-content/uploads/2023/10/banner-5.jpg]
[www.zettafarms.com/wp-json/oembed/1.0/embed52af.json]
[www.zettafarms.com/wp-json/oembed/1.0/embed7d19]
[www.zettafarms.com/wp-json/wp/v2/pages/1136.json]
[www.zettafarms.com/wp-content/uploads/2023/10/banner-5-300x125.jpg]
[www.zettafarms.com/wp-content/uploads/2023/10/banner-5-1024x427.jpg]
[www.zettafarms.com/wp-content/uploads/2023/10/banner-5-768x320.jpg]
[www.zettafarms.com/wp-content/uploads/2023/10/banner-5-1536x640.jpg]
[www.zettafarms.com/wp-content/uploads/2024/01/jaipur-5.jpg]
[www.zettafarms.com/wp-content/uploads/2024/01/jaipur-5-300x169.jpg]
[www.zettafarms.com/wp-content/uploads/2024/01/jaipur-5-1024x576.jpg]
[www.zettafarms.com/wp-content/uploads/2024/01/jaipur-5-768x432.jpg]
[www.zettafarms.com/wp-content/uploads/2024/01/jaipur-4.jpg]
[www.zettafarms.com/wp-content/uploads/2024/01/jaipur-4-300x169.jpg]
[www.zettafarms.com/wp-content/uploads/2024/01/jaipur-4-1024x576.jpg]
[www.zettafarms.com/wp-content/uploads/2024/01/jaipur-4-768x432.jpg]
[www.zettafarms.com/wp-content/uploads/2024/01/jaipur-3.jpg]
[www.zettafarms.com/wp-content/uploads/2024/01/jaipur-3-300x169.jpg]
[www.zettafarms.com/wp-content/uploads/2024/01/jaipur-3-1024x576.jpg]
[www.zettafarms.com/wp-content/uploads/2024/01/jaipur-3-768x432.jpg]
[www.zettafarms.com/wp-content/uploads/2024/01/jaipur-2.jpg]
[www.zettafarms.com/wp-content/uploads/2024/01/jaipur-2-300x169.jpg]
[www.zettafarms.com/wp-content/uploads/2024/01/jaipur-2-1024x576.jpg]
[www.zettafarms.com/wp-content/uploads/2024/01/jaipur-2-768x432.jpg]
[www.zettafarms.com/wp-content/uploads/2024/01/jaipur-1.jpg]
[www.zettafarms.com/wp-content/uploads/2024/01/jaipur-1-300x169.jpg]
[www.zettafarms.com/wp-content/uploads/2024/01/jaipur-1-1024x576.jpg]
[www.zettafarms.com/wp-content/uploads/2024/01/jaipur-1-768x432.jpg]
[www.zettafarms.com/wp-content/uploads/2023/10/20.jpg]
[www.zettafarms.com/wp-content/uploads/2023/10/20-300x169.jpg]
[www.zettafarms.com/wp-content/uploads/2023/10/20-1024x576.jpg]
[www.zettafarms.com/wp-content/uploads/2023/10/20-768x432.jpg]
[www.zettafarms.com/wp-content/uploads/2023/10/19.jpg]
[www.zettafarms.com/wp-content/uploads/2023/10/19-300x169.jpg]
[www.zettafarms.com/wp-content/uploads/2023/10/19-1024x576.jpg]
[www.zettafarms.com/wp-content/uploads/2023/10/19-768x432.jpg]
[www.zettafarms.com/wp-content/uploads/2023/10/18.jpg]
[www.zettafarms.com/wp-content/uploads/2023/10/18-300x169.jpg]
[www.zettafarms.com/wp-content/uploads/2023/10/18-1024x576.jpg]
[www.zettafarms.com/wp-content/uploads/2023/10/18-768x432.jpg]
[www.zettafarms.com/wp-content/uploads/2023/10/15-3.jpg]
[www.zettafarms.com/wp-content/uploads/2023/10/15-3-300x169.jpg]
[www.zettafarms.com/wp-content/uploads/2023/10/15-3-1024x576.jpg]
[www.zettafarms.com/wp-content/uploads/2023/10/15-3-768x432.jpg]
[www.zettafarms.com/wp-content/uploads/2023/10/14-3.jpg]
[www.zettafarms.com/wp-content/uploads/2023/10/14-3-300x169.jpg]
[www.zettafarms.com/wp-content/uploads/2023/10/14-3-1024x576.jpg]
[www.zettafarms.com/wp-content/uploads/2023/10/14-3-768x432.jpg]
[www.zettafarms.com/wp-content/uploads/2023/10/13-3.jpg]
[www.zettafarms.com/wp-content/uploads/2023/10/13-3-300x169.jpg]
[www.zettafarms.com/wp-content/uploads/2023/10/13-3-1024x576.jpg]
[www.zettafarms.com/wp-content/uploads/2023/10/13-3-768x432.jpg]
[www.zettafarms.com/wp-content/uploads/2023/10/11-3.jpg]
[www.zettafarms.com/wp-content/uploads/2023/10/11-3-300x169.jpg]
[www.zettafarms.com/wp-content/uploads/2023/10/11-3-1024x576.jpg]
[www.zettafarms.com/wp-content/uploads/2023/10/11-3-768x432.jpg]
[www.zettafarms.com/wp-content/uploads/2023/10/10-3.jpg]
[www.zettafarms.com/wp-content/uploads/2023/10/10-3-300x169.jpg]
[www.zettafarms.com/wp-content/uploads/2023/10/10-3-1024x576.jpg]
[www.zettafarms.com/wp-content/uploads/2023/10/10-3-768x432.jpg]
[www.zettafarms.com/wp-content/uploads/2023/10/8-3.jpg]
[www.zettafarms.com/wp-content/uploads/2023/10/8-3-300x169.jpg]
[www.zettafarms.com/wp-content/uploads/2023/10/8-3-1024x576.jpg]
[www.zettafarms.com/wp-content/uploads/2023/10/8-3-768x432.jpg]
[www.zettafarms.com/wp-content/uploads/2023/10/6-3.jpg]
[www.zettafarms.com/wp-content/uploads/2023/10/6-3-300x169.jpg]
[www.zettafarms.com/wp-content/uploads/2023/10/6-3-1024x576.jpg]
[www.zettafarms.com/wp-content/uploads/2023/10/6-3-768x432.jpg]
[www.zettafarms.com/wp-content/uploads/2023/10/5-3.jpg]
[www.zettafarms.com/wp-content/uploads/2023/10/5-3-300x169.jpg]
[www.zettafarms.com/wp-content/uploads/2023/10/5-3-1024x576.jpg]
[www.zettafarms.com/wp-content/uploads/2023/10/5-3-768x432.jpg]
[www.zettafarms.com/wp-content/uploads/2023/10/4-3.jpg]
[www.zettafarms.com/wp-content/uploads/2023/10/4-3-300x169.jpg]
[www.zettafarms.com/wp-content/uploads/2023/10/4-3-1024x576.jpg]
[www.zettafarms.com/wp-content/uploads/2023/10/4-3-768x432.jpg]
[www.zettafarms.com/wp-content/uploads/2023/10/3-3.jpg]
[www.zettafarms.com/wp-content/uploads/2023/10/3-3-300x169.jpg]
[www.zettafarms.com/wp-content/uploads/2023/10/3-3-1024x576.jpg]
[www.zettafarms.com/wp-content/uploads/2023/10/3-3-768x432.jpg]
[www.zettafarms.com/wp-content/uploads/2023/10/2-3.jpg]
[www.zettafarms.com/wp-content/uploads/2023/10/2-3-300x169.jpg]
[www.zettafarms.com/wp-content/uploads/2023/10/2-3-1024x576.jpg]
[www.zettafarms.com/wp-content/uploads/2023/10/2-3-768x432.jpg]
[www.zettafarms.com/wp-content/uploads/2023/10/1-3.jpg]
[www.zettafarms.com/wp-content/uploads/2023/10/1-3-300x169.jpg]
[www.zettafarms.com/wp-content/uploads/2023/10/1-3-1024x576.jpg]
[www.zettafarms.com/wp-content/uploads/2023/10/1-3-768x432.jpg]
[www.zettafarms.com/jaipur-gallery/index.html]
[www.zettafarms.com/wp-content/uploads/2023/10/banner-9.jpg]
[www.zettafarms.com/wp-json/oembed/1.0/embed1d74.json]
[www.zettafarms.com/wp-json/oembed/1.0/embed13d9]
[www.zettafarms.com/wp-json/wp/v2/pages/1237.json]
[www.zettafarms.com/wp-content/uploads/2023/10/banner-9-300x125.jpg]
[www.zettafarms.com/wp-content/uploads/2023/10/banner-9-1024x427.jpg]
[www.zettafarms.com/wp-content/uploads/2023/10/banner-9-768x320.jpg]
[www.zettafarms.com/wp-content/uploads/2023/10/banner-9-1536x640.jpg]
[www.zettafarms.com/wp-content/uploads/2023/10/4-7.jpg]
[www.zettafarms.com/wp-content/uploads/2023/10/4-7-300x169.jpg]
[www.zettafarms.com/wp-content/uploads/2023/10/4-7-1024x576.jpg]
[www.zettafarms.com/wp-content/uploads/2023/10/4-7-768x432.jpg]
[www.zettafarms.com/wp-content/uploads/2023/10/7-7.jpg]
[www.zettafarms.com/wp-content/uploads/2023/10/7-7-300x169.jpg]
[www.zettafarms.com/wp-content/uploads/2023/10/7-7-1024x576.jpg]
[www.zettafarms.com/wp-content/uploads/2023/10/7-7-768x432.jpg]
[www.zettafarms.com/wp-content/uploads/2023/10/3-7.jpg]
[www.zettafarms.com/wp-content/uploads/2023/10/3-7-300x169.jpg]
[www.zettafarms.com/wp-content/uploads/2023/10/3-7-1024x576.jpg]
[www.zettafarms.com/wp-content/uploads/2023/10/3-7-768x432.jpg]
[www.zettafarms.com/wp-content/uploads/2023/10/8-7.jpg]
[www.zettafarms.com/wp-content/uploads/2023/10/8-7-300x169.jpg]
[www.zettafarms.com/wp-content/uploads/2023/10/8-7-1024x576.jpg]
[www.zettafarms.com/wp-content/uploads/2023/10/8-7-768x432.jpg]
[www.zettafarms.com/wp-content/uploads/2023/10/10-7.jpg]
[www.zettafarms.com/wp-content/uploads/2023/10/10-7-300x169.jpg]
[www.zettafarms.com/wp-content/uploads/2023/10/10-7-1024x576.jpg]
[www.zettafarms.com/wp-content/uploads/2023/10/10-7-768x432.jpg]
[www.zettafarms.com/wp-content/uploads/2023/10/2-7.jpg]
[www.zettafarms.com/wp-content/uploads/2023/10/2-7-300x169.jpg]
[www.zettafarms.com/wp-content/uploads/2023/10/2-7-1024x576.jpg]
[www.zettafarms.com/wp-content/uploads/2023/10/2-7-768x432.jpg]
[www.zettafarms.com/wp-content/uploads/2023/10/6-7.jpg]
[www.zettafarms.com/wp-content/uploads/2023/10/6-7-300x169.jpg]
[www.zettafarms.com/wp-content/uploads/2023/10/6-7-1024x576.jpg]
[www.zettafarms.com/wp-content/uploads/2023/10/6-7-768x432.jpg]
[www.zettafarms.com/wp-content/uploads/2023/10/9-7.jpg]
[www.zettafarms.com/wp-content/uploads/2023/10/9-7-300x169.jpg]
[www.zettafarms.com/wp-content/uploads/2023/10/9-7-1024x576.jpg]
[www.zettafarms.com/wp-content/uploads/2023/10/9-7-768x432.jpg]
[www.zettafarms.com/wp-content/uploads/2023/10/5-7.jpg]
[www.zettafarms.com/wp-content/uploads/2023/10/5-7-300x169.jpg]
[www.zettafarms.com/wp-content/uploads/2023/10/5-7-1024x576.jpg]
[www.zettafarms.com/wp-content/uploads/2023/10/5-7-768x432.jpg]
[www.zettafarms.com/wp-content/uploads/2023/10/1-7.jpg]
[www.zettafarms.com/wp-content/uploads/2023/10/1-7-300x169.jpg]
[www.zettafarms.com/wp-content/uploads/2023/10/1-7-1024x576.jpg]
[www.zettafarms.com/madhya-pradesh-raisen-sultanpur/index.html]
[www.zettafarms.com/wp-content/uploads/2023/10/1-7-768x432.jpg]
[www.zettafarms.com/wp-content/uploads/2023/10/banner-11.jpg]
[www.zettafarms.com/wp-json/oembed/1.0/embedee2b.json]
[www.zettafarms.com/wp-json/oembed/1.0/embedd114]
[www.zettafarms.com/wp-json/wp/v2/pages/1254.json]
[www.zettafarms.com/wp-content/uploads/2023/10/banner-11-300x125.jpg]
[www.zettafarms.com/wp-content/uploads/2023/10/banner-11-1024x427.jpg]
[www.zettafarms.com/wp-content/uploads/2023/10/banner-11-768x320.jpg]
[www.zettafarms.com/wp-content/uploads/2023/10/banner-11-1536x640.jpg]
[www.zettafarms.com/wp-content/uploads/2023/10/2-8.jpg]
[www.zettafarms.com/wp-content/uploads/2023/10/2-8-300x169.jpg]
[www.zettafarms.com/wp-content/uploads/2023/10/2-8-1024x576.jpg]
[www.zettafarms.com/wp-content/uploads/2023/10/2-8-768x432.jpg]
[www.zettafarms.com/wp-content/uploads/2023/10/5-8.jpg]
[www.zettafarms.com/wp-content/uploads/2023/10/5-8-300x169.jpg]
[www.zettafarms.com/wp-content/uploads/2023/10/5-8-1024x576.jpg]
[www.zettafarms.com/wp-content/uploads/2023/10/5-8-768x432.jpg]
[www.zettafarms.com/wp-content/uploads/2023/10/4-8.jpg]
[www.zettafarms.com/wp-content/uploads/2023/10/4-8-300x169.jpg]
[www.zettafarms.com/wp-content/uploads/2023/10/4-8-1024x576.jpg]
[www.zettafarms.com/wp-content/uploads/2023/10/4-8-768x432.jpg]
[www.zettafarms.com/wp-content/uploads/2023/10/1-8.jpg]
[www.zettafarms.com/wp-content/uploads/2023/10/1-8-300x169.jpg]
[www.zettafarms.com/wp-content/uploads/2023/10/1-8-1024x576.jpg]
[www.zettafarms.com/wp-content/uploads/2023/10/1-8-768x432.jpg]
[www.zettafarms.com/wp-content/uploads/2023/10/7-8.jpg]
[www.zettafarms.com/wp-content/uploads/2023/10/7-8-300x169.jpg]
[www.zettafarms.com/wp-content/uploads/2023/10/7-8-1024x576.jpg]
[www.zettafarms.com/wp-content/uploads/2023/10/7-8-768x432.jpg]
[www.zettafarms.com/wp-content/uploads/2023/10/9-8.jpg]
[www.zettafarms.com/wp-content/uploads/2023/10/9-8-300x169.jpg]
[www.zettafarms.com/wp-content/uploads/2023/10/9-8-1024x576.jpg]
[www.zettafarms.com/wp-content/uploads/2023/10/9-8-768x432.jpg]
[www.zettafarms.com/wp-content/uploads/2023/10/6-8.jpg]
[www.zettafarms.com/wp-content/uploads/2023/10/6-8-300x169.jpg]
[www.zettafarms.com/wp-content/uploads/2023/10/6-8-1024x576.jpg]
[www.zettafarms.com/wp-content/uploads/2023/10/6-8-768x432.jpg]
[www.zettafarms.com/wp-content/uploads/2023/10/11-7.jpg]
[www.zettafarms.com/wp-content/uploads/2023/10/11-7-300x169.jpg]
[www.zettafarms.com/wp-content/uploads/2023/10/11-7-1024x576.jpg]
[www.zettafarms.com/wp-content/uploads/2023/10/11-7-768x432.jpg]
[www.zettafarms.com/wp-content/uploads/2023/10/12-7.jpg]
[www.zettafarms.com/wp-content/uploads/2023/10/12-7-300x169.jpg]
[www.zettafarms.com/wp-content/uploads/2023/10/12-7-1024x576.jpg]
[www.zettafarms.com/wp-content/uploads/2023/10/12-7-768x432.jpg]
[www.zettafarms.com/wp-content/uploads/2023/10/8-8.jpg]
[www.zettafarms.com/wp-content/uploads/2023/10/8-8-300x169.jpg]
[www.zettafarms.com/wp-content/uploads/2023/10/8-8-1024x576.jpg]
[www.zettafarms.com/wp-content/uploads/2023/10/8-8-768x432.jpg]
[www.zettafarms.com/wp-content/uploads/2023/10/3-8.jpg]
[www.zettafarms.com/wp-content/uploads/2023/10/3-8-300x169.jpg]
[www.zettafarms.com/wp-content/uploads/2023/10/3-8-1024x576.jpg]
[www.zettafarms.com/wp-content/uploads/2023/10/3-8-768x432.jpg]
[www.zettafarms.com/wp-content/uploads/2023/10/13-7.jpg]
[www.zettafarms.com/wp-content/uploads/2023/10/13-7-300x169.jpg]
[www.zettafarms.com/wp-content/uploads/2023/10/13-7-1024x576.jpg]
[www.zettafarms.com/wp-content/uploads/2023/10/13-7-768x432.jpg]
[www.zettafarms.com/wp-content/uploads/2023/10/10-8.jpg]
[www.zettafarms.com/wp-content/uploads/2023/10/10-8-300x169.jpg]
[www.zettafarms.com/wp-content/uploads/2023/10/10-8-1024x576.jpg]
[www.zettafarms.com/odisha-puri/index.html]
[www.zettafarms.com/wp-content/uploads/2023/10/10-8-768x432.jpg]
[www.zettafarms.com/wp-content/uploads/2023/10/banner-12.jpg]
[www.zettafarms.com/wp-json/oembed/1.0/embed0214.json]
[www.zettafarms.com/wp-json/oembed/1.0/embed935b]
[www.zettafarms.com/wp-json/wp/v2/pages/1274.json]
[www.zettafarms.com/wp-content/uploads/2023/10/banner-12-300x125.jpg]
[www.zettafarms.com/wp-content/uploads/2023/10/banner-12-1024x427.jpg]
[www.zettafarms.com/wp-content/uploads/2023/10/banner-12-768x320.jpg]
[www.zettafarms.com/wp-content/uploads/2023/10/banner-12-1536x640.jpg]
[www.zettafarms.com/wp-content/uploads/2023/10/16-4.jpg]
[www.zettafarms.com/wp-content/uploads/2023/10/16-4-300x169.jpg]
[www.zettafarms.com/wp-content/uploads/2023/10/16-4-1024x576.jpg]
[www.zettafarms.com/wp-content/uploads/2023/10/16-4-768x432.jpg]
[www.zettafarms.com/wp-content/uploads/2023/10/13-8.jpg]
[www.zettafarms.com/wp-content/uploads/2023/10/13-8-300x169.jpg]
[www.zettafarms.com/wp-content/uploads/2023/10/13-8-1024x576.jpg]
[www.zettafarms.com/wp-content/uploads/2023/10/13-8-768x432.jpg]
[www.zettafarms.com/wp-content/uploads/2023/10/5-9.jpg]
[www.zettafarms.com/wp-content/uploads/2023/10/5-9-300x169.jpg]
[www.zettafarms.com/wp-content/uploads/2023/10/5-9-1024x576.jpg]
[www.zettafarms.com/wp-content/uploads/2023/10/5-9-768x432.jpg]
[www.zettafarms.com/wp-content/uploads/2023/10/18-3.jpg]
[www.zettafarms.com/wp-content/uploads/2023/10/18-3-300x169.jpg]
[www.zettafarms.com/wp-content/uploads/2023/10/18-3-1024x576.jpg]
[www.zettafarms.com/wp-content/uploads/2023/10/18-3-768x432.jpg]
[www.zettafarms.com/wp-content/uploads/2023/10/9-9.jpg]
[www.zettafarms.com/wp-content/uploads/2023/10/9-9-300x169.jpg]
[www.zettafarms.com/wp-content/uploads/2023/10/9-9-1024x576.jpg]
[www.zettafarms.com/wp-content/uploads/2023/10/9-9-768x432.jpg]
[www.zettafarms.com/wp-content/uploads/2023/10/7-9.jpg]
[www.zettafarms.com/wp-content/uploads/2023/10/7-9-300x169.jpg]
[www.zettafarms.com/wp-content/uploads/2023/10/7-9-1024x576.jpg]
[www.zettafarms.com/wp-content/uploads/2023/10/7-9-768x432.jpg]
[www.zettafarms.com/wp-content/uploads/2023/10/14-7.jpg]
[www.zettafarms.com/wp-content/uploads/2023/10/14-7-300x169.jpg]
[www.zettafarms.com/wp-content/uploads/2023/10/14-7-1024x576.jpg]
[www.zettafarms.com/wp-content/uploads/2023/10/14-7-768x432.jpg]
[www.zettafarms.com/wp-content/uploads/2023/10/8-9.jpg]
[www.zettafarms.com/wp-content/uploads/2023/10/8-9-300x169.jpg]
[www.zettafarms.com/wp-content/uploads/2023/10/8-9-1024x576.jpg]
[www.zettafarms.com/wp-content/uploads/2023/10/8-9-768x432.jpg]
[www.zettafarms.com/wp-content/uploads/2023/10/12-8.jpg]
[www.zettafarms.com/wp-content/uploads/2023/10/12-8-300x169.jpg]
[www.zettafarms.com/wp-content/uploads/2023/10/12-8-1024x576.jpg]
[www.zettafarms.com/wp-content/uploads/2023/10/12-8-768x432.jpg]
[www.zettafarms.com/wp-content/uploads/2023/10/15-6.jpg]
[www.zettafarms.com/wp-content/uploads/2023/10/15-6-300x169.jpg]
[www.zettafarms.com/wp-content/uploads/2023/10/15-6-1024x576.jpg]
[www.zettafarms.com/wp-content/uploads/2023/10/15-6-768x432.jpg]
[www.zettafarms.com/wp-content/uploads/2023/10/4-9.jpg]
[www.zettafarms.com/wp-content/uploads/2023/10/4-9-300x169.jpg]
[www.zettafarms.com/wp-content/uploads/2023/10/4-9-1024x576.jpg]
[www.zettafarms.com/wp-content/uploads/2023/10/4-9-768x432.jpg]
[www.zettafarms.com/wp-content/uploads/2023/10/2-9.jpg]
[www.zettafarms.com/wp-content/uploads/2023/10/2-9-300x169.jpg]
[www.zettafarms.com/wp-content/uploads/2023/10/2-9-1024x576.jpg]
[www.zettafarms.com/wp-content/uploads/2023/10/2-9-768x432.jpg]
[www.zettafarms.com/wp-content/uploads/2023/10/11-8.jpg]
[www.zettafarms.com/wp-content/uploads/2023/10/11-8-300x169.jpg]
[www.zettafarms.com/wp-content/uploads/2023/10/11-8-1024x576.jpg]
[www.zettafarms.com/wp-content/uploads/2023/10/11-8-768x432.jpg]
[www.zettafarms.com/wp-content/uploads/2023/10/6-9.jpg]
[www.zettafarms.com/wp-content/uploads/2023/10/6-9-300x169.jpg]
[www.zettafarms.com/wp-content/uploads/2023/10/6-9-1024x576.jpg]
[www.zettafarms.com/wp-content/uploads/2023/10/6-9-768x432.jpg]
[www.zettafarms.com/wp-content/uploads/2023/10/1-9.jpg]
[www.zettafarms.com/wp-content/uploads/2023/10/1-9-300x169.jpg]
[www.zettafarms.com/wp-content/uploads/2023/10/1-9-1024x576.jpg]
[www.zettafarms.com/wp-content/uploads/2023/10/1-9-768x432.jpg]
[www.zettafarms.com/wp-content/uploads/2023/10/10-9.jpg]
[www.zettafarms.com/wp-content/uploads/2023/10/10-9-300x169.jpg]
[www.zettafarms.com/wp-content/uploads/2023/10/10-9-1024x576.jpg]
[www.zettafarms.com/wp-content/uploads/2023/10/10-9-768x432.jpg]
[www.zettafarms.com/paali-roopawas/index.html]
[www.zettafarms.com/wp-content/uploads/2023/10/banner-13.jpg]
[www.zettafarms.com/wp-json/oembed/1.0/embedcf02.json]
[www.zettafarms.com/wp-json/oembed/1.0/embed9eca]
[www.zettafarms.com/wp-json/wp/v2/pages/1299.json]
[www.zettafarms.com/wp-content/uploads/2023/10/banner-13-300x125.jpg]
[www.zettafarms.com/wp-content/uploads/2023/10/banner-13-1024x427.jpg]
[www.zettafarms.com/wp-content/uploads/2023/10/banner-13-768x320.jpg]
[www.zettafarms.com/wp-content/uploads/2023/10/banner-13-1536x640.jpg]
[www.zettafarms.com/wp-content/uploads/2023/10/6-10.jpg]
[www.zettafarms.com/wp-content/uploads/2023/10/6-10-300x169.jpg]
[www.zettafarms.com/wp-content/uploads/2023/10/6-10-1024x576.jpg]
[www.zettafarms.com/wp-content/uploads/2023/10/6-10-768x432.jpg]
[www.zettafarms.com/wp-content/uploads/2024/01/bijo-1.jpg]
[www.zettafarms.com/wp-content/uploads/2024/01/bijo-1-300x169.jpg]
[www.zettafarms.com/wp-content/uploads/2024/01/bijo-1-1024x576.jpg]
[www.zettafarms.com/wp-content/uploads/2024/01/bijo-1-768x432.jpg]
[www.zettafarms.com/wp-content/uploads/2023/10/15-7.jpg]
[www.zettafarms.com/wp-content/uploads/2023/10/15-7-300x169.jpg]
[www.zettafarms.com/wp-content/uploads/2023/10/15-7-1024x576.jpg]
[www.zettafarms.com/wp-content/uploads/2023/10/15-7-768x432.jpg]
[www.zettafarms.com/wp-content/uploads/2023/10/11-9.jpg]
[www.zettafarms.com/wp-content/uploads/2023/10/11-9-300x169.jpg]
[www.zettafarms.com/wp-content/uploads/2023/10/11-9-1024x576.jpg]
[www.zettafarms.com/wp-content/uploads/2023/10/11-9-768x432.jpg]
[www.zettafarms.com/wp-content/uploads/2023/10/4-10.jpg]
[www.zettafarms.com/wp-content/uploads/2023/10/4-10-300x169.jpg]
[www.zettafarms.com/wp-content/uploads/2023/10/4-10-1024x576.jpg]
[www.zettafarms.com/wp-content/uploads/2023/10/4-10-768x432.jpg]
[www.zettafarms.com/wp-content/uploads/2023/10/13-9.jpg]
[www.zettafarms.com/wp-content/uploads/2023/10/13-9-300x169.jpg]
[www.zettafarms.com/wp-content/uploads/2023/10/13-9-1024x576.jpg]
[www.zettafarms.com/wp-content/uploads/2023/10/13-9-768x432.jpg]
[www.zettafarms.com/wp-content/uploads/2023/10/1-10.jpg]
[www.zettafarms.com/wp-content/uploads/2023/10/1-10-300x169.jpg]
[www.zettafarms.com/wp-content/uploads/2023/10/1-10-1024x576.jpg]
[www.zettafarms.com/wp-content/uploads/2023/10/1-10-768x432.jpg]
[www.zettafarms.com/wp-content/uploads/2023/10/10-10.jpg]
[www.zettafarms.com/wp-content/uploads/2023/10/10-10-300x169.jpg]
[www.zettafarms.com/wp-content/uploads/2023/10/10-10-1024x576.jpg]
[www.zettafarms.com/wp-content/uploads/2023/10/10-10-768x432.jpg]
[www.zettafarms.com/wp-content/uploads/2023/10/7-10.jpg]
[www.zettafarms.com/wp-content/uploads/2023/10/7-10-300x169.jpg]
[www.zettafarms.com/wp-content/uploads/2023/10/7-10-1024x576.jpg]
[www.zettafarms.com/wp-content/uploads/2023/10/7-10-768x432.jpg]
[www.zettafarms.com/wp-content/uploads/2023/10/16-5.jpg]
[www.zettafarms.com/wp-content/uploads/2023/10/16-5-300x169.jpg]
[www.zettafarms.com/wp-content/uploads/2023/10/16-5-1024x576.jpg]
[www.zettafarms.com/wp-content/uploads/2023/10/16-5-768x432.jpg]
[www.zettafarms.com/wp-content/uploads/2023/10/12-9.jpg]
[www.zettafarms.com/wp-content/uploads/2023/10/12-9-300x169.jpg]
[www.zettafarms.com/wp-content/uploads/2023/10/12-9-1024x576.jpg]
[www.zettafarms.com/wp-content/uploads/2023/10/12-9-768x432.jpg]
[www.zettafarms.com/wp-content/uploads/2023/10/2-10.jpg]
[www.zettafarms.com/wp-content/uploads/2023/10/2-10-300x169.jpg]
[www.zettafarms.com/wp-content/uploads/2023/10/2-10-1024x576.jpg]
[www.zettafarms.com/wp-content/uploads/2023/10/2-10-768x432.jpg]
[www.zettafarms.com/wp-content/uploads/2023/10/14-8.jpg]
[www.zettafarms.com/wp-content/uploads/2023/10/14-8-300x169.jpg]
[www.zettafarms.com/wp-content/uploads/2023/10/14-8-1024x576.jpg]
[www.zettafarms.com/wp-content/uploads/2023/10/14-8-768x432.jpg]
[www.zettafarms.com/wp-content/uploads/2023/10/17-4.jpg]
[www.zettafarms.com/wp-content/uploads/2023/10/17-4-300x169.jpg]
[www.zettafarms.com/wp-content/uploads/2023/10/17-4-1024x576.jpg]
[www.zettafarms.com/wp-content/uploads/2023/10/17-4-768x432.jpg]
[www.zettafarms.com/wp-content/uploads/2024/01/bijo-2.jpg]
[www.zettafarms.com/wp-content/uploads/2024/01/bijo-2-300x169.jpg]
[www.zettafarms.com/wp-content/uploads/2024/01/bijo-2-1024x576.jpg]
[www.zettafarms.com/wp-content/uploads/2024/01/bijo-2-768x432.jpg]
[www.zettafarms.com/wp-content/uploads/2023/10/9-10.jpg]
[www.zettafarms.com/wp-content/uploads/2023/10/9-10-300x169.jpg]
[www.zettafarms.com/wp-content/uploads/2023/10/9-10-1024x576.jpg]
[www.zettafarms.com/wp-content/uploads/2023/10/9-10-768x432.jpg]
[www.zettafarms.com/wp-content/uploads/2023/10/5-10.jpg]
[www.zettafarms.com/wp-content/uploads/2023/10/5-10-300x169.jpg]
[www.zettafarms.com/wp-content/uploads/2023/10/5-10-1024x576.jpg]
[www.zettafarms.com/wp-content/uploads/2023/10/5-10-768x432.jpg]
[www.zettafarms.com/wp-content/uploads/2023/10/3-10.jpg]
[www.zettafarms.com/wp-content/uploads/2023/10/3-10-300x169.jpg]
[www.zettafarms.com/wp-content/uploads/2023/10/3-10-1024x576.jpg]
[www.zettafarms.com/zf-bijoliya-keshuvilas/index.html]
[www.zettafarms.com/wp-content/uploads/2023/10/3-10-768x432.jpg]
[www.zettafarms.com/wp-content/uploads/2023/10/Mask-Group-53-216x300.jpg]
[www.zettafarms.com/wp-content/uploads/2023/10/Mask-Group-53-768x1068.jpg]
[www.zettafarms.com/wp-content/uploads/2023/10/Group-5666.svg]
[www.zettafarms.com/wp-content/uploads/2023/10/Group-5669-1.svg]
[www.zettafarms.com/wp-content/uploads/2023/10/Group-5671.svg]
[www.zettafarms.com/wp-content/uploads/2023/10/Group-5673.svg]
[www.zettafarms.com/wp-content/uploads/2023/10/Group-5675.svg]
[www.zettafarms.com/wp-content/uploads/2023/10/Group-5684.svg]
[www.zettafarms.com/wp-content/uploads/2023/10/Group-5689.svg]
[www.zettafarms.com/wp-content/uploads/2023/10/Group-5691.svg]
[www.zettafarms.com/wp-content/uploads/2023/10/icon1.svg]
[www.zettafarms.com/wp-content/uploads/2023/10/icon2.svg]
[www.zettafarms.com/wp-content/uploads/2023/10/icon3.svg]
[www.zettafarms.com/wp-content/uploads/2023/10/icon5.svg]
[www.zettafarms.com/wp-content/uploads/2023/10/icon4.svg]
[www.zettafarms.com/wp-content/uploads/2023/10/icon7.svg]
[www.zettafarms.com/wp-content/uploads/2023/10/icon8.svg]
[www.zettafarms.com/wp-json/oembed/1.0/embed31e8.json]
[www.zettafarms.com/makar-sankranti-the-festival-of-nature-and-harvesting/feed/index.html]
[www.zettafarms.com/wp-json/oembed/1.0/embedeebd]
[www.zettafarms.com/makar-sankranti-the-festival-of-nature-and-harvesting/index.html]
[www.zettafarms.com/wp-json/wp/v2/posts/2215.json]
[www.zettafarms.com/wp-json/oembed/1.0/embedb39b.json]
[www.zettafarms.com/the-future-of-farming-ai-in-agriculture-benefits-and-uses/feed/index.html]
[www.zettafarms.com/wp-json/oembed/1.0/embed518a]
[www.zettafarms.com/the-future-of-farming-ai-in-agriculture-benefits-and-uses/index.html]
[www.zettafarms.com/wp-json/wp/v2/posts/2202.json]
[www.zettafarms.com/wp-json/oembed/1.0/embed91e5.json]
[www.zettafarms.com/drone-technology-in-indian-agriculture/feed/index.html]
[www.zettafarms.com/wp-json/oembed/1.0/embed5cec]
[www.zettafarms.com/drone-technology-in-indian-agriculture/index.html]
[www.zettafarms.com/wp-json/wp/v2/posts/2193.json]
[www.zettafarms.com/wp-json/oembed/1.0/embed74fa.json]
[www.zettafarms.com/millet-farming-millets-types-and-millet-products/feed/index.html]
[www.zettafarms.com/wp-json/oembed/1.0/embed8dbd]
[www.zettafarms.com/millet-farming-millets-types-and-millet-products/index.html]
[www.zettafarms.com/wp-json/wp/v2/posts/1975.json]
[www.zettafarms.com/wp-json/oembed/1.0/embed18ab.json]
[www.zettafarms.com/maize-maize-farming-maize-health-benefits-and-sweet-corn/feed/index.html]
[www.zettafarms.com/wp-json/oembed/1.0/embed7825]
[www.zettafarms.com/maize-maize-farming-maize-health-benefits-and-sweet-corn/index.html]
[www.zettafarms.com/wp-json/wp/v2/posts/1958.json]
[www.zettafarms.com/wp-json/oembed/1.0/embedc84d.json]
[www.zettafarms.com/lemon-plant-farming-and-lemon-health-benefits/feed/index.html]
[www.zettafarms.com/wp-json/oembed/1.0/embed2b51]
[www.zettafarms.com/wp-json/wp/v2/posts/1908.json]
[www.zettafarms.com/wp-content/uploads/2023/12/pexels-photo-129574-1.webp]
[www.zettafarms.com/lemon-plant-farming-and-lemon-health-benefits/index.html]
[www.zettafarms.com/wp-content/uploads/2023/12/pexels-photo-129574-1-300x200.webp]
[www.zettafarms.com/wp-json/oembed/1.0/embed2b77.json]
[www.zettafarms.com/groundnut-farming-benefits-of-peanuts-and-peanut-butter/feed/index.html]
[www.zettafarms.com/wp-json/oembed/1.0/embed8757]
[www.zettafarms.com/groundnut-farming-benefits-of-peanuts-and-peanut-butter/index.html]
[www.zettafarms.com/wp-json/wp/v2/posts/1895.json]
[www.zettafarms.com/wp-json/oembed/1.0/embed27ff.json]
[www.zettafarms.com/ashwagandha-benefits-ayurvedic-medicine-and-its-uses/feed/index.html]
[www.zettafarms.com/wp-json/oembed/1.0/embedf4af]
[www.zettafarms.com/wp-json/wp/v2/posts/1873.json]
[www.zettafarms.com/wp-content/uploads/2023/12/ashwagandha-fruits-1-1024x679.jpg]
[www.zettafarms.com/wp-content/uploads/2023/12/ashwagandha-fruits-1-300x199.jpg]
[www.zettafarms.com/wp-content/uploads/2023/12/ashwagandha-fruits-1-768x509.jpg]
[www.zettafarms.com/ashwagandha-benefits-ayurvedic-medicine-and-its-uses/index.html]
[www.zettafarms.com/wp-content/uploads/2023/12/ashwagandha-fruits-1.jpg]
[www.zettafarms.com/wp-json/oembed/1.0/embedc3d8.json]
[www.zettafarms.com/everything-that-you-need-to-know-about-papaya-benefits/feed/index.html]
[www.zettafarms.com/wp-json/oembed/1.0/embed22ac]
[www.zettafarms.com/everything-that-you-need-to-know-about-papaya-benefits/index.html]
[www.zettafarms.com/wp-json/wp/v2/posts/1866.json]
[www.zettafarms.com/wp-json/oembed/1.0/embed8421.json]
[www.zettafarms.com/the-indian-gooseberry-amlas-health-benefits-and-amla-uses/feed/index.html]
[www.zettafarms.com/wp-json/oembed/1.0/embed7884]
[www.zettafarms.com/wp-json/wp/v2/posts/1424.json]
[www.zettafarms.com/wp-content/uploads/2023/11/cvv.jpg]
[www.zettafarms.com/wp-content/uploads/2023/11/22.jpg]
[www.zettafarms.com/wp-content/uploads/2023/12/81950060-1024x768.webp]
[www.zettafarms.com/wp-content/uploads/2023/12/81950060-300x225.webp]
[www.zettafarms.com/wp-content/uploads/2023/12/81950060-768x576.webp]
[www.zettafarms.com/wp-content/uploads/2023/12/81950060.webp]
[www.zettafarms.com/the-indian-gooseberry-amlas-health-benefits-and-amla-uses/index.html]
[www.zettafarms.com/wp-content/uploads/2023/10/Group-5744.svg]
[www.zettafarms.com/wp-content/uploads/2023/11/1c5u578iilxfi4m4dvc4q810q.svg]
[www.zettafarms.com/wp-content/uploads/2023/10/logo.svg]
[www.zettafarms.com/wp-content/plugins/creative-post-carousel/assets/public/js/owl.carousel.min5152.js]
[www.zettafarms.com/wp-content/plugins/creative-post-carousel/assets/public/js/main5152.js]
[www.zettafarms.com/wp-content/themes/hello-elementor/assets/js/hello-frontend.min8a54.js]
[www.zettafarms.com/wp-content/plugins/ultimate-bootstrap-elements-for-elementor/assets/vendors/bootstrap/js/bootstrap.bundle89df.js]
[www.zettafarms.com/wp-content/plugins/ultimate-bootstrap-elements-for-elementor/assets/js/frontend.min91ce.js]
[www.zettafarms.com/wp-content/plugins/elementskit-lite/libs/framework/assets/js/frontend-script1aae.js]
[www.zettafarms.com/wp-content/plugins/elementskit-lite/widgets/init/assets/js/widget-scripts1aae.js]
[www.zettafarms.com/wp-content/plugins/essential-addons-for-elementor-lite/assets/front-end/js/view/general.minbb5b.js]
[www.zettafarms.com/wp-content/uploads/essential-addons-elementor/eael-2b643.js]
[www.zettafarms.com/wp-content/plugins/elementor/assets/js/webpack.runtime.mine4fa.js]
[www.zettafarms.com/wp-content/plugins/elementor/assets/js/frontend-modules.mine4fa.js]
[www.zettafarms.com/wp-includes/js/jquery/ui/core.minb37e.js]
[www.zettafarms.com/wp-content/plugins/elementor/assets/js/frontend.mine4fa.js]
[www.zettafarms.com/wp-content/plugins/elementor/assets/lib/swiper/v8/swiper.min94a4.js]
[www.zettafarms.com/wp-content/plugins/slide-everything-for-elementor/scripts/main8a54.js]
[www.zettafarms.com/wp-content/plugins/testimonials-carousel-elementor/assets/js/testimonials-carousel-widget-old-elementor-handler.min0dc0.js]
[www.zettafarms.com/wp-content/plugins/bdthemes-prime-slider-lite/assets/js/prime-slider-site.min5bf3.js]
[www.zettafarms.com/wp-content/plugins/elementskit-lite/widgets/init/assets/js/animate-circle.min1aae.js]
[www.zettafarms.com/wp-content/plugins/elementskit-lite/widgets/init/assets/js/elementor1aae.js]
[www.zettafarms.com/wp-content/plugins/creative-post-carousel/assets/public/webfonts/fa-brands-400.svg]
[www.zettafarms.com/wp-content/plugins/creative-post-carousel/assets/public/webfonts/fa-regular-400.svg]
[www.zettafarms.com/wp-content/plugins/creative-post-carousel/assets/public/webfonts/fa-solid-900.svg]
[www.zettafarms.com/wp-content/plugins/creative-post-carousel/assets/public/css/owl.video.play.html]
[www.zettafarms.com/wp-content/plugins/ultimate-bootstrap-elements-for-elementor/assets/images/iconalt.svg]
[www.zettafarms.com/wp-content/plugins/testimonials-carousel-elementor/assets/css/fonts/icomoon5163.svg]
[www.zettafarms.com/wp-content/plugins/elementskit-lite/widgets/init/assets/img/cross-out.svg]
[www.zettafarms.com/wp-content/plugins/bdthemes-prime-slider-lite/images/backgrounds/divider-icon.html]
[www.zettafarms.com/wp-content/plugins/bdthemes-prime-slider-lite/images/backgrounds/list-bullet.html]
[www.zettafarms.com/wp-content/plugins/bdthemes-prime-slider-lite/images/backgrounds/form-select.html]
[www.zettafarms.com/wp-content/plugins/bdthemes-prime-slider-lite/images/backgrounds/form-datalist.html]
[www.zettafarms.com/wp-content/plugins/bdthemes-prime-slider-lite/images/backgrounds/form-radio.html]
[www.zettafarms.com/wp-content/plugins/bdthemes-prime-slider-lite/images/backgrounds/form-checkbox.html]
[www.zettafarms.com/wp-content/plugins/bdthemes-prime-slider-lite/images/backgrounds/form-checkbox-indeterminate.html]
[www.zettafarms.com/wp-content/plugins/elementor/assets/lib/animations/styles/zoomIn.mine4fa.css]
[www.zettafarms.com/wp-content/uploads/2023/10/Group-5868-300x145.jpg]
[www.zettafarms.com/wp-content/uploads/elementor/css/post-6112dd9.css]
[www.zettafarms.com/indexb702.html]
[www.zettafarms.com/wp-content/uploads/2023/10/Group-5763.svg]
[www.zettafarms.com/wp-content/uploads/2023/10/1-1.svg]
[www.zettafarms.com/wp-content/uploads/2023/10/Group-5871-1.svg]
[www.zettafarms.com/wp-content/uploads/2023/10/Group-5872-1.svg]
[www.zettafarms.com/wp-content/uploads/2023/10/Group-5873-1.svg]
[www.zettafarms.com/wp-content/uploads/2023/10/Group-5874-2.svg]
[www.zettafarms.com/wp-content/uploads/essential-addons-elementor/eael-596eac9.css]
[www.zettafarms.com/wp-content/uploads/elementor/css/post-596e596.css]
[www.zettafarms.com/indexbc2b.html]
[www.zettafarms.com/wp-content/uploads/essential-addons-elementor/eael-596eac9.js]
[www.zettafarms.com/wp-content/uploads/elementor/css/post-5906696.css]
[www.zettafarms.com/indexa42a.html]
[www.zettafarms.com/wp-content/uploads/elementor/css/post-517a71a.css]
[www.zettafarms.com/index728e.html]
[www.zettafarms.com/wp-content/uploads/elementor/css/post-22913b16.css]
[www.zettafarms.com/index3dfd.html]
[www.zettafarms.com/wp-content/uploads/elementor/css/post-2286d436.css]
[www.zettafarms.com/indexfce4.html]
[www.zettafarms.com/index0971.html]
[www.zettafarms.com/wp-content/plugins/elementor/assets/css/conditionals/e-swiper.mine4fa.css]
[www.zettafarms.com/wp-content/plugins/elementor/assets/css/widget-image-gallery.mine4fa.css]
[www.zettafarms.com/wp-content/uploads/elementor/css/post-13394fe3.css]
[www.zettafarms.com/index9be9.html]
[www.zettafarms.com/wp-content/uploads/elementor/css/post-116311e8.css]
[www.zettafarms.com/index18c0.html]
[www.zettafarms.com/wp-content/uploads/elementor/css/post-13243ed0.css]
[www.zettafarms.com/indexc1cc.html]
[www.zettafarms.com/wp-content/uploads/elementor/css/post-11141567.css]
[www.zettafarms.com/indexe1d7.html]
[www.zettafarms.com/index0db4.html]
[www.zettafarms.com/wp-content/uploads/elementor/css/post-1091a34d.css]
[www.zettafarms.com/index2f6c.html]
[www.zettafarms.com/wp-content/uploads/elementor/css/post-1190d95b.css]
[www.zettafarms.com/index0959.html]
[www.zettafarms.com/wp-content/uploads/elementor/css/post-12167cf0.css]
[www.zettafarms.com/index9f30.html]
[www.zettafarms.com/wp-content/uploads/elementor/css/post-11362094.css]
[www.zettafarms.com/index7fbc.html]
[www.zettafarms.com/wp-content/uploads/elementor/css/post-1237f689.css]
[www.zettafarms.com/indexdc2c.html]
[www.zettafarms.com/wp-content/uploads/elementor/css/post-125411e8.css]
[www.zettafarms.com/index2fb4.html]
[www.zettafarms.com/wp-content/uploads/elementor/css/post-12744fe3.css]
[www.zettafarms.com/indexc2c4.html]
[www.zettafarms.com/wp-content/uploads/elementor/css/post-1299b4ed.css]
[www.zettafarms.com/indexd201.html]
[www.zettafarms.com/indexfb4d.html]
[www.zettafarms.com/index476b.html]
[www.zettafarms.com/indexf23b.html]
[www.zettafarms.com/index6d7f.html]
[www.zettafarms.com/indexe6fd.html]
[www.zettafarms.com/index5976.html]
[www.zettafarms.com/index785a.html]
[www.zettafarms.com/index9bac.html]
[www.zettafarms.com/index37d5.html]
[www.zettafarms.com/index4e69.html]
[www.zettafarms.com/wp-content/plugins/ultimate-bootstrap-elements-for-elementor/assets/vendors/share/goodshare.minee8b.js]
[www.zettafarms.com/wp-content/plugins/ultimate-bootstrap-elements-for-elementor/assets/js/elements/social-icon.min40dd.js]
[www.zettafarms.com/OPR/index.html]
[www.zettafarms.com/{l.html]
[www.zettafarms.com/t.params.url.html]
[www.zettafarms.com/e,window.location.origin.html]
